Component: ARM Compiler 5.06 update 6 (build 750) Tool: armlink [4d35ed]

==============================================================================

Section Cross References

    startup_stm32l051xx.o(STACK) refers (Special) to heapauxi.o(.text) for __use_two_region_memory
    startup_stm32l051xx.o(HEAP) refers (Special) to heapauxi.o(.text) for __use_two_region_memory
    startup_stm32l051xx.o(RESET) refers (Special) to heapauxi.o(.text) for __use_two_region_memory
    startup_stm32l051xx.o(RESET) refers to startup_stm32l051xx.o(STACK) for __initial_sp
    startup_stm32l051xx.o(RESET) refers to startup_stm32l051xx.o(.text) for Reset_Handler
    startup_stm32l051xx.o(RESET) refers to stm32l0xx_it.o(i.NMI_Handler) for NMI_Handler
    startup_stm32l051xx.o(RESET) refers to stm32l0xx_it.o(i.HardFault_Handler) for HardFault_Handler
    startup_stm32l051xx.o(RESET) refers to stm32l0xx_it.o(i.SVC_Handler) for SVC_Handler
    startup_stm32l051xx.o(RESET) refers to stm32l0xx_it.o(i.PendSV_Handler) for PendSV_Handler
    startup_stm32l051xx.o(RESET) refers to stm32l0xx_it.o(i.SysTick_Handler) for SysTick_Handler
    startup_stm32l051xx.o(RESET) refers to stm32l0xx_it.o(i.EXTI0_1_IRQHandler) for EXTI0_1_IRQHandler
    startup_stm32l051xx.o(RESET) refers to stm32l0xx_it.o(i.EXTI4_15_IRQHandler) for EXTI4_15_IRQHandler
    startup_stm32l051xx.o(RESET) refers to stm32l0xx_it.o(i.TIM2_IRQHandler) for TIM2_IRQHandler
    startup_stm32l051xx.o(RESET) refers to stm32l0xx_it.o(i.TIM6_IRQHandler) for TIM6_IRQHandler
    startup_stm32l051xx.o(.text) refers (Special) to heapauxi.o(.text) for __use_two_region_memory
    startup_stm32l051xx.o(.text) refers to system_stm32l0xx.o(i.SystemInit) for SystemInit
    startup_stm32l051xx.o(.text) refers to __main.o(!!!main) for __main
    startup_stm32l051xx.o(.text) refers to startup_stm32l051xx.o(HEAP) for Heap_Mem
    startup_stm32l051xx.o(.text) refers to startup_stm32l051xx.o(STACK) for Stack_Mem
    main.o(i.HAL_IncTick) refers to stm32l0xx_hal.o(.data) for uwTickFreq
    main.o(i.SystemClock_Config) refers to rt_memclr.o(.text) for __aeabi_memclr4
    main.o(i.SystemClock_Config) refers to stm32l0xx_hal_rcc.o(i.HAL_RCC_OscConfig) for HAL_RCC_OscConfig
    main.o(i.SystemClock_Config) refers to stm32l0xx_hal_rcc.o(i.HAL_RCC_ClockConfig) for HAL_RCC_ClockConfig
    main.o(i.SystemClock_Config) refers to stm32l0xx_hal_rcc_ex.o(i.HAL_RCCEx_PeriphCLKConfig) for HAL_RCCEx_PeriphCLKConfig
    main.o(i.check_error) refers to dflti.o(.text) for __aeabi_i2d
    main.o(i.check_error) refers to ddiv.o(.text) for __aeabi_ddiv
    main.o(i.check_error) refers to drlef.o(x$fpl$drleqf) for __aeabi_cdrcmple
    main.o(i.check_error) refers to strtod.o(i.strtod) for strtod
    main.o(i.check_error) refers to dlef.o(x$fpl$dleqf) for __aeabi_cdcmple
    main.o(i.check_error) refers to main.o(.data) for .data
    main.o(i.check_error) refers to i2c.o(.bss) for g_lis3dh
    main.o(i.check_error) refers to main.o(.bss) for .bss
    main.o(i.main) refers to stm32l0xx_hal.o(i.HAL_Init) for HAL_Init
    main.o(i.main) refers to main.o(i.SystemClock_Config) for SystemClock_Config
    main.o(i.main) refers to gpio.o(i.MX_GPIO_Init) for MX_GPIO_Init
    main.o(i.main) refers to usart.o(i.MX_LPUART1_UART_Init) for MX_LPUART1_UART_Init
    main.o(i.main) refers to usart.o(i.MX_USART1_UART_Init) for MX_USART1_UART_Init
    main.o(i.main) refers to usart.o(i.MX_USART2_UART_Init) for MX_USART2_UART_Init
    main.o(i.main) refers to adc.o(i.MX_ADC_Init) for MX_ADC_Init
    main.o(i.main) refers to i2c.o(i.MX_I2C1_Init) for MX_I2C1_Init
    main.o(i.main) refers to tim.o(i.MX_TIM6_Init) for MX_TIM6_Init
    main.o(i.main) refers to tim.o(i.MX_TIM2_Init) for MX_TIM2_Init
    main.o(i.main) refers to i2c.o(i.lis3dh_init) for lis3dh_init
    main.o(i.main) refers to usart.o(i.print_u1) for print_u1
    main.o(i.main) refers to usart.o(i.nb_module_init) for nb_module_init
    main.o(i.main) refers to usart.o(i.ble_mode_init) for ble_mode_init
    main.o(i.main) refers to stm32l0xx_hal.o(i.HAL_Delay) for HAL_Delay
    main.o(i.main) refers to gpio.o(i.BEEP_On) for BEEP_On
    main.o(i.main) refers to i2c.o(.data) for lis3dh_buffer
    main.o(i.main) refers to i2c.o(.bss) for hi2c1
    main.o(i.main) refers to i2c.o(.bss) for g_lis3dh
    main.o(i.process_remote_ble_recv) refers to strstr.o(.text) for strstr
    main.o(i.process_remote_ble_recv) refers to strchr.o(.text) for strchr
    main.o(i.process_remote_ble_recv) refers to strrchr.o(.text) for strrchr
    main.o(i.process_remote_ble_recv) refers to strncpy.o(.text) for strncpy
    main.o(i.process_remote_ble_recv) refers to main.o(.data) for .data
    main.o(i.process_remote_ble_recv) refers to main.o(.bss) for .bss
    gpio.o(i.BEEP_On) refers to stm32l0xx_hal_gpio.o(i.HAL_GPIO_WritePin) for HAL_GPIO_WritePin
    gpio.o(i.BEEP_On) refers to stm32l0xx_hal.o(i.HAL_Delay) for HAL_Delay
[...]
    i.I2C_WaitOnFlagUntilTimeout             0x0800498c   Section        0  stm32l0xx_hal_i2c.o(i.I2C_WaitOnFlagUntilTimeout)
    I2C_WaitOnFlagUntilTimeout               0x0800498d   Thumb Code    78  stm32l0xx_hal_i2c.o(i.I2C_WaitOnFlagUntilTimeout)
    i.I2C_WaitOnSTOPFlagUntilTimeout         0x080049da   Section        0  stm32l0xx_hal_i2c.o(i.I2C_WaitOnSTOPFlagUntilTimeout)
    I2C_WaitOnSTOPFlagUntilTimeout           0x080049db   Thumb Code    76  stm32l0xx_hal_i2c.o(i.I2C_WaitOnSTOPFlagUntilTimeout)
    i.I2C_WaitOnTXISFlagUntilTimeout         0x08004a26   Section        0  stm32l0xx_hal_i2c.o(i.I2C_WaitOnTXISFlagUntilTimeout)
    I2C_WaitOnTXISFlagUntilTimeout           0x08004a27   Thumb Code    80  stm32l0xx_hal_i2c.o(i.I2C_WaitOnTXISFlagUntilTimeout)
    i.MX_ADC_Init                            0x08004a78   Section        0  adc.o(i.MX_ADC_Init)
    i.MX_GPIO_Init                           0x08004ae8   Section        0  gpio.o(i.MX_GPIO_Init)
    i.MX_I2C1_Init                           0x08004be0   Section        0  i2c.o(i.MX_I2C1_Init)
    i.MX_LPUART1_UART_Init                   0x08004c38   Section        0  usart.o(i.MX_LPUART1_UART_Init)
    i.MX_TIM2_Init                           0x08004c70   Section        0  tim.o(i.MX_TIM2_Init)
    i.MX_TIM6_Init                           0x08004ce0   Section        0  tim.o(i.MX_TIM6_Init)
    i.MX_USART1_UART_Init                    0x08004d2c   Section        0  usart.o(i.MX_USART1_UART_Init)
    i.MX_USART2_UART_Init                    0x08004d64   Section        0  usart.o(i.MX_USART2_UART_Init)
    i.NMI_Handler                            0x08004d9c   Section        0  stm32l0xx_it.o(i.NMI_Handler)
    i.PendSV_Handler                         0x08004d9e   Section        0  stm32l0xx_it.o(i.PendSV_Handler)
    i.SVC_Handler                            0x08004da0   Section        0  stm32l0xx_it.o(i.SVC_Handler)
    i.SysTick_Handler                        0x08004da2   Section        0  stm32l0xx_it.o(i.SysTick_Handler)
    i.SystemClock_Config                     0x08004dac   Section        0  main.o(i.SystemClock_Config)
    i.SystemInit                             0x08004e40   Section        0  system_stm32l0xx.o(i.SystemInit)
    i.TIM2_IRQHandler                        0x08004e44   Section        0  stm32l0xx_it.o(i.TIM2_IRQHandler)
    i.TIM6_IRQHandler                        0x08004e54   Section        0  stm32l0xx_it.o(i.TIM6_IRQHandler)
    i.TIM_Base_SetConfig                     0x08004e64   Section        0  stm32l0xx_hal_tim.o(i.TIM_Base_SetConfig)
    TIM_Base_SetConfig                       0x08004e65   Thumb Code    78  stm32l0xx_hal_tim.o(i.TIM_Base_SetConfig)
    i.TIM_ETR_SetConfig                      0x08004ebc   Section        0  stm32l0xx_hal_tim.o(i.TIM_ETR_SetConfig)
    TIM_ETR_SetConfig                        0x08004ebd   Thumb Code    22  stm32l0xx_hal_tim.o(i.TIM_ETR_SetConfig)
    i.TIM_ITRx_SetConfig                     0x08004ed2   Section        0  stm32l0xx_hal_tim.o(i.TIM_ITRx_SetConfig)
    TIM_ITRx_SetConfig                       0x08004ed3   Thumb Code    16  stm32l0xx_hal_tim.o(i.TIM_ITRx_SetConfig)
    i.TIM_TI1_ConfigInputStage               0x08004ee2   Section        0  stm32l0xx_hal_tim.o(i.TIM_TI1_ConfigInputStage)
    TIM_TI1_ConfigInputStage                 0x08004ee3   Thumb Code    34  stm32l0xx_hal_tim.o(i.TIM_TI1_ConfigInputStage)
    i.TIM_TI2_ConfigInputStage               0x08004f04   Section        0  stm32l0xx_hal_tim.o(i.TIM_TI2_ConfigInputStage)
    TIM_TI2_ConfigInputStage                 0x08004f05   Thumb Code    38  stm32l0xx_hal_tim.o(i.TIM_TI2_ConfigInputStage)
    i.UART_AdvFeatureConfig                  0x08004f2a   Section        0  stm32l0xx_hal_uart.o(i.UART_AdvFeatureConfig)
    i.UART_CheckIdleState                    0x08004ff4   Section        0  stm32l0xx_hal_uart.o(i.UART_CheckIdleState)
    i.UART_SetConfig                         0x08005058   Section        0  stm32l0xx_hal_uart.o(i.UART_SetConfig)
    i.UART_WaitOnFlagUntilTimeout            0x08005258   Section        0  stm32l0xx_hal_uart.o(i.UART_WaitOnFlagUntilTimeout)
    i.__ARM_common_ll_muluu                  0x080052f6   Section        0  stm32l0xx_hal_rcc.o(i.__ARM_common_ll_muluu)
    i.__ARM_common_switch8                   0x08005326   Section        0  stm32l0xx_hal_dma.o(i.__ARM_common_switch8)
    i.__ARM_fpclassify                       0x08005340   Section        0  fpclassify.o(i.__ARM_fpclassify)
    i.__NVIC_SetPriority                     0x0800536c   Section        0  stm32l0xx_hal_cortex.o(i.__NVIC_SetPriority)
    __NVIC_SetPriority                       0x0800536d   Thumb Code    60  stm32l0xx_hal_cortex.o(i.__NVIC_SetPriority)
    i.__mathlib_dbl_overflow                 0x080053b0   Section        0  dunder.o(i.__mathlib_dbl_overflow)
    i.__mathlib_dbl_underflow                0x080053c4   Section        0  dunder.o(i.__mathlib_dbl_underflow)
    i.__mathlib_narrow                       0x080053d8   Section        0  narrow.o(i.__mathlib_narrow)
    i.__mathlib_tofloat                      0x080053e8   Section        0  narrow.o(i.__mathlib_tofloat)
    i.__support_ldexp                        0x080054b0   Section        0  ldexp.o(i.__support_ldexp)
    i._is_digit                              0x080054c4   Section        0  __printf_wp.o(i._is_digit)
    i.ble_mode_init                          0x080054d4   Section        0  usart.o(i.ble_mode_init)
    i.check_error                            0x08005538   Section        0  main.o(i.check_error)
    i.connect_tcp_server                     0x08005608   Section        0  usart.o(i.connect_tcp_server)
    i.connet_remote_ble                      0x0800568c   Section        0  usart.o(i.connet_remote_ble)
    i.frexp                                  0x080056b4   Section        0  frexp.o(i.frexp)
    i.get_voleage                            0x0800570c   Section        0  adc.o(i.get_voleage)
    i.ldexp                                  0x08005780   Section        0  ldexp.o(i.ldexp)
    i.lis3dh_get_xyz                         0x080057f0   Section        0  i2c.o(i.lis3dh_get_xyz)
    i.lis3dh_init                            0x08005852   Section        0  i2c.o(i.lis3dh_init)
    i.lis3dh_read                            0x080058aa   Section        0  i2c.o(i.lis3dh_read)
    i.lis3dh_write                           0x080058d4   Section        0  i2c.o(i.lis3dh_write)
    i.main                                   0x080058f4   Section        0  main.o(i.main)
    i.nb_module_init                         0x080059a0   Section        0  usart.o(i.nb_module_init)
    i.parseImei                              0x08005ad0   Section        0  usart.o(i.parseImei)
    i.print_u1                               0x08005b00   Section        0  usart.o(i.print_u1)
    i.process_remote_ble_recv                0x08005b38   Section        0  main.o(i.process_remote_ble_recv)
    i.send_msg_ble                           0x08005c00   Section        0  usart.o(i.send_msg_ble)
    i.send_msg_nbtcp_server                  0x08005c64   Section        0  usart.o(i.send_msg_nbtcp_server)
    i.send_remote_ble                        0x08005ce0   Section        0  usart.o(i.send_remote_ble)
    i.send_user_ble                          0x08005d20   Section        0  usart.o(i.send_user_ble)
    i.set_reset_brts                         0x08005d4c   Section        0  gpio.o(i.set_reset_brts)
    i.set_reset_net_module                   0x08005d68   Section        0  gpio.o(i.set_reset_net_module)
    i.set_reset_net_psm                      0x08005d84   Section        0  gpio.o(i.set_reset_net_psm)
    i.strtod                                 0x08005da0   Section        0  strtod.o(i.strtod)
    locale$$code                             0x08005dbc   Section       44  lc_numeric_c.o(locale$$code)
    locale$$code                             0x08005de8   Section       44  lc_ctype_c.o(locale$$code)
    x$fpl$deqf                               0x08005e14   Section      100  deqf.o(x$fpl$deqf)
    x$fpl$dleqf                              0x08005e78   Section      100  dlef.o(x$fpl$dleqf)
    x$fpl$drleqf                             0x08005edc   Section      104  drlef.o(x$fpl$drleqf)
    x$fpl$printf1                            0x08005f44   Section       16  printf1.o(x$fpl$printf1)
    x$fpl$scanf1                             0x08005f54   Section       16  scanf1.o(x$fpl$scanf1)
    x$fpl$scanf2                             0x08005f64   Section       32  scanf2.o(x$fpl$scanf2)
    .constdata                               0x08005f84   Section       25  system_stm32l0xx.o(.constdata)
    x$fpl$usenofp                            0x08005f84   Section        0  usenofp.o(x$fpl$usenofp)
    .constdata                               0x08005f9d   Section        8  system_stm32l0xx.o(.constdata)
    .constdata                               0x08005fa5   Section       40  _printf_hex_int.o(.constdata)
    uc_hextab                                0x08005fa5   Data          20  _printf_hex_int.o(.constdata)
    lc_hextab                                0x08005fb9   Data          20  _printf_hex_int.o(.constdata)
    .constdata                               0x08005fcd   Section      128  ddiv.o(.constdata)
    ddiv_reciptbl                            0x08005fcd   Data         128  ddiv.o(.constdata)
    .constdata                               0x08006050   Section      148  bigflt0.o(.constdata)
    tenpwrs_x                                0x08006050   Data          60  bigflt0.o(.constdata)
    tenpwrs_i                                0x0800608c   Data          64  bigflt0.o(.constdata)
    .conststring                             0x080060e4   Section      234  stm32l0xx_it.o(.conststring)
    c$$dinf                                  0x080061f0   Section        8  fpconst.o(c$$dinf)
    c$$dmax                                  0x080061f8   Section        8  fpconst.o(c$$dmax)
    locale$$data                             0x08006200   Section       28  lc_numeric_c.o(locale$$data)
    __lcnum_c_name                           0x08006204   Data           2  lc_numeric_c.o(locale$$data)
    __lcnum_c_start                          0x0800620c   Data           0  lc_numeric_c.o(locale$$data)
    __lcnum_c_point                          0x08006218   Data           0  lc_numeric_c.o(locale$$data)
    __lcnum_c_thousands                      0x0800621a   Data           0  lc_numeric_c.o(locale$$data)
    __lcnum_c_grouping                       0x0800621b   Data           0  lc_numeric_c.o(locale$$data)
    locale$$data                             0x0800621c   Section      272  lc_ctype_c.o(locale$$data)
    __lcnum_c_end                            0x0800621c   Data           0  lc_numeric_c.o(locale$$data)
    __lcctype_c_name                         0x08006220   Data           2  lc_ctype_c.o(locale$$data)
    __lcctype_c_start                        0x08006228   Data           0  lc_ctype_c.o(locale$$data)
    __lcctype_c_end                          0x0800632c   Data           0  lc_ctype_c.o(locale$$data)
    .data                                    0x20000000   Section        1  main.o(.data)
    .data                                    0x20000001   Section        1  main.o(.data)
    .data                                    0x20000004   Section       16  main.o(.data)
    .data                                    0x20000014   Section        4  main.o(.data)
    .data                                    0x20000018   Section        6  i2c.o(.data)
    .data                                    0x2000001e   Section       86  usart.o(.data)
    .data                                    0x20000074   Section       20  stm32l0xx_it.o(.data)
    .data                                    0x20000088   Section       12  stm32l0xx_hal.o(.data)
    .data                                    0x20000094   Section        4  system_stm32l0xx.o(.data)
    .bss                                     0x20000098   Section       10  main.o(.bss)
    .bss                                     0x200000a4   Section       92  adc.o(.bss)
    .bss                                     0x20000100   Section       32  i2c.o(.bss)
    .bss                                     0x20000120   Section       76  i2c.o(.bss)
    .bss                                     0x20000170   Section      436  usart.o(.bss)
    .bss                                     0x20000324   Section      128  tim.o(.bss)
    .bss                                     0x200003a4   Section       96  libspace.o(.bss)
    HEAP                                     0x20000408   Section      512  startup_stm32l051xx.o(HEAP)
    Heap_Mem                                 0x20000408   Data         512  startup_stm32l051xx.o(HEAP)
    STACK                                    0x20000608   Section     1024  startup_stm32l051xx.o(STACK)
    Stack_Mem                                0x20000608   Data        1024  startup_stm32l051xx.o(STACK)
    __initial_sp                             0x20000a08   Data           0  startup_stm32l051xx.o(STACK)

    Global Symbols

    Symbol Name                              Value     Ov Type        Size  Object(Section)

    BuildAttributes$$THM_ISAv3M$S$PE$A:L22$X:L11$S22$IEEE1$IW$USESV6$~STKCKD$USESV7$~SHL$OTIME$ROPI$IEEEX$EBA8$UX$STANDARDLIB$REQ8$PRES8$EABIv2 0x00000000   Number         0  anon$$obj.o ABSOLUTE
    __ARM_use_no_argv                        0x00000000   Number         0  main.o ABSOLUTE
    __ARM_exceptions_init                     - Undefined Weak Reference
    __alloca_initialize                       - Undefined Weak Reference
    __arm_preinit_                            - Undefined Weak Reference
    __cpp_initialize__aeabi_                  - Undefined Weak Reference
    __cxa_finalize                            - Undefined Weak Reference
    __sigvec_lookup                           - Undefined Weak Reference
    _atexit_init                              - Undefined Weak Reference
    _call_atexit_fns                          - Undefined Weak Reference
    _clock_init                               - Undefined Weak Reference
    _fp_trap_init                             - Undefined Weak Reference
    _fp_trap_shutdown                         - Undefined Weak Reference
    _get_lc_collate                           - Undefined Weak Reference
    _get_lc_monetary                          - Undefined Weak Reference
    _get_lc_time                              - Undefined Weak Reference
    _getenv_init                              - Undefined Weak Reference
    _handle_redirection                       - Undefined Weak Reference
    _init_alloc                               - Undefined Weak Reference
    _init_user_alloc                          - Undefined Weak Reference
    _initio                                   - Undefined Weak Reference
    _printf_mbtowc                            - Undefined Weak Reference
    _printf_post_padding                      - Undefined Weak Reference
    _printf_pre_padding                       - Undefined Weak Reference
    _printf_truncate_signed                   - Undefined Weak Reference
    _printf_truncate_unsigned                 - Undefined Weak Reference
    _rand_init                                - Undefined Weak Reference
    _signal_finish                            - Undefined Weak Reference
    _signal_init                              - Undefined Weak Reference
    _terminate_alloc                          - Undefined Weak Reference
    _terminate_user_alloc                     - Undefined Weak Reference
    _terminateio                              - Undefined Weak Reference
    __Vectors_Size                           0x000000c0   Number         0  startup_stm32l051xx.o ABSOLUTE
    __Vectors                                0x08000000   Data           4  startup_stm32l051xx.o(RESET)
    __Vectors_End                            0x080000c0   Data           0  startup_stm32l051xx.o(RESET)
    __main                                   0x080000c1   Thumb Code     8  __main.o(!!!main)
    __scatterload                            0x080000c9   Thumb Code     0  __scatter.o(!!!scatter)
    __scatterload_rt2                        0x080000c9   Thumb Code    52  __scatter.o(!!!scatter)
    __scatterload_rt2_thumb_only             0x080000c9   Thumb Code     0  __scatter.o(!!!scatter)
    __scatterload_null                       0x080000d9   Thumb Code     0  __scatter.o(!!!scatter)
    __scatterload_copy                       0x08000105   Thumb Code    26  __scatter_copy.o(!!handler_copy)
    __scatterload_zeroinit                   0x08000121   Thumb Code    28  __scatter_zi.o(!!handler_zi)
    _printf_percent                          0x0800013d   Thumb Code     0  _printf_percent.o(.ARM.Collect$$_printf_percent$$00000000)
    _printf_f                                0x0800013f   Thumb Code     0  _printf_f.o(.ARM.Collect$$_printf_percent$$00000003)
    _printf_d                                0x08000149   Thumb Code     0  _printf_d.o(.ARM.Collect$$_printf_percent$$00000009)
    _printf_x                                0x08000153   Thumb Code     0  _printf_x.o(.ARM.Collect$$_printf_percent$$0000000C)
    _printf_s                                0x0800015d   Thumb Code     0  _printf_s.o(.ARM.Collect$$_printf_percent$$00000014)
    _printf_percent_end                      0x08000167   Thumb Code     0  _printf_percent_end.o(.ARM.Collect$$_printf_percent$$00000017)
    __rt_lib_init                            0x0800016b   Thumb Code     0  libinit.o(.ARM.Collect$$libinit$$00000000)
    __rt_lib_init_fp_1                       0x0800016d   Thumb Code     0  libinit2.o(.ARM.Collect$$libinit$$00000002)
    __rt_lib_init_heap_1                     0x0800016d   Thumb Code     0  libinit2.o(.ARM.Collect$$libinit$$0000000A)
    __rt_lib_init_lc_common                  0x0800016d   Thumb Code     0  libinit2.o(.ARM.Collect$$libinit$$0000000F)
    __rt_lib_init_preinit_1                  0x0800016d   Thumb Code     0  libinit2.o(.ARM.Collect$$libinit$$00000004)
    __rt_lib_init_rand_1                     0x0800016d   Thumb Code     0  libinit2.o(.ARM.Collect$$libinit$$0000000E)
    __rt_lib_init_user_alloc_1               0x0800016d   Thumb Code     0  libinit2.o(.ARM.Collect$$libinit$$0000000C)
    __rt_lib_init_lc_collate_1               0x08000173   Thumb Code     0  libinit2.o(.ARM.Collect$$libinit$$00000011)
    __rt_lib_init_lc_ctype_2                 0x08000173   Thumb Code     0  libinit2.o(.ARM.Collect$$libinit$$00000012)
    __rt_lib_init_lc_ctype_1                 0x0800017f   Thumb Code     0  libinit2.o(.ARM.Collect$$libinit$$00000013)
    __rt_lib_init_lc_monetary_1              0x0800017f   Thumb Code     0  libinit2.o(.ARM.Collect$$libinit$$00000015)
    __rt_lib_init_lc_numeric_2               0x0800017f   Thumb Code     0  libinit2.o(.ARM.Collect$$libinit$$00000016)
    __rt_lib_init_alloca_1                   0x08000189   Thumb Code     0  libinit2.o(.ARM.Collect$$libinit$$0000002E)
    __rt_lib_init_argv_1                     0x08000189   Thumb Code     0  libinit2.o(.ARM.Collect$$libinit$$0000002C)
    __rt_lib_init_atexit_1                   0x08000189   Thumb Code     0  libinit2.o(.ARM.Collect$$libinit$$0000001B)
    __rt_lib_init_clock_1                    0x08000189   Thumb Code     0  libinit2.o(.ARM.Collect$$libinit$$00000021)
    __rt_lib_init_cpp_1                      0x08000189   Thumb Code     0  libinit2.o(.ARM.Collect$$libinit$$00000032)
    __rt_lib_init_exceptions_1               0x08000189   Thumb Code     0  libinit2.o(.ARM.Collect$$libinit$$00000030)
    __rt_lib_init_fp_trap_1                  0x08000189   Thumb Code     0  libinit2.o(.ARM.Collect$$libinit$$0000001F)
    __rt_lib_init_getenv_1                   0x08000189   Thumb Code     0  libinit2.o(.ARM.Collect$$libinit$$00000023)
    __rt_lib_init_lc_numeric_1               0x08000189   Thumb Code     0  libinit2.o(.ARM.Collect$$libinit$$00000017)
    __rt_lib_init_lc_time_1                  0x08000189   Thumb Code     0  libinit2.o(.ARM.Collect$$libinit$$00000019)
    __rt_lib_init_return                     0x08000189   Thumb Code     0  libinit2.o(.ARM.Collect$$libinit$$00000033)
    __rt_lib_init_signal_1                   0x08000189   Thumb Code     0  libinit2.o(.ARM.Collect$$libinit$$0000001D)
    __rt_lib_init_stdio_1                    0x08000189   Thumb Code     0  libinit2.o(.ARM.Collect$$libinit$$00000025)
    __rt_lib_shutdown                        0x0800018b   Thumb Code     0  libshutdown.o(.ARM.Collect$$libshutdown$$00000000)
    __rt_lib_shutdown_cpp_1                  0x0800018d   Thumb Code     0  libshutdown2.o(.ARM.Collect$$libshutdown$$00000002)
    __rt_lib_shutdown_fp_trap_1              0x0800018d   Thumb Code     0  libshutdown2.o(.ARM.Collect$$libshutdown$$00000007)
    __rt_lib_shutdown_heap_1                 0x0800018d   Thumb Code     0  libshutdown2.o(.ARM.Collect$$libshutdown$$0000000F)
    __rt_lib_shutdown_return                 0x0800018d   Thumb Code     0  libshutdown2.o(.ARM.Collect$$libshutdown$$00000010)
    __rt_lib_shutdown_signal_1               0x0800018d   Thumb Code     0  libshutdown2.o(.ARM.Collect$$libshutdown$$0000000A)
    __rt_lib_shutdown_stdio_1                0x0800018d   Thumb Code     0  libshutdown2.o(.ARM.Collect$$libshutdown$$00000004)
    __rt_lib_shutdown_user_alloc_1           0x0800018d   Thumb Code     0  libshutdown2.o(.ARM.Collect$$libshutdown$$0000000C)
    __rt_entry                               0x0800018f   Thumb Code     0  __rtentry.o(.ARM.Collect$$rtentry$$00000000)
    __rt_entry_presh_1                       0x0800018f   Thumb Code     0  __rtentry2.o(.ARM.Collect$$rtentry$$00000002)
    __rt_entry_sh                            0x0800018f   Thumb Code     0  __rtentry4.o(.ARM.Collect$$rtentry$$00000004)
    __rt_entry_li                            0x08000195   Thumb Code     0  __rtentry2.o(.ARM.Collect$$rtentry$$0000000A)
    __rt_entry_postsh_1                      0x08000195   Thumb Code     0  __rtentry2.o(.ARM.Collect$$rtentry$$00000009)
    __rt_entry_main                          0x08000199   Thumb Code     0  __rtentry2.o(.ARM.Collect$$rtentry$$0000000D)
    __rt_entry_postli_1                      0x08000199   Thumb Code     0  __rtentry2.o(.ARM.Collect$$rtentry$$0000000C)
    __rt_exit                                0x080001a1   Thumb Code     0  rtexit.o(.ARM.Collect$$rtexit$$00000000)
    __rt_exit_ls                             0x080001a3   Thumb Code     0  rtexit2.o(.ARM.Collect$$rtexit$$00000003)
    __rt_exit_prels_1                        0x080001a3   Thumb Code     0  rtexit2.o(.ARM.Collect$$rtexit$$00000002)
    __rt_exit_exit                           0x080001a7   Thumb Code     0  rtexit2.o(.ARM.Collect$$rtexit$$00000004)
    Reset_Handler                            0x080001ad   Thumb Code     8  startup_stm32l051xx.o(.text)
    ADC1_COMP_IRQHandler                     0x080001bf   Thumb Code     0  startup_stm32l051xx.o(.text)
    DMA1_Channel1_IRQHandler                 0x080001bf   Thumb Code     0  startup_stm32l051xx.o(.text)
    DMA1_Channel2_3_IRQHandler               0x080001bf   Thumb Code     0  startup_stm32l051xx.o(.text)
    DMA1_Channel4_5_6_7_IRQHandler           0x080001bf   Thumb Code     0  startup_stm32l051xx.o(.text)
    EXTI2_3_IRQHandler                       0x080001bf   Thumb Code     0  startup_stm32l051xx.o(.text)
    FLASH_IRQHandler                         0x080001bf   Thumb Code     0  startup_stm32l051xx.o(.text)
    I2C1_IRQHandler                          0x080001bf   Thumb Code     0  startup_stm32l051xx.o(.text)
    I2C2_IRQHandler                          0x080001bf   Thumb Code     0  startup_stm32l051xx.o(.text)
    LPTIM1_IRQHandler                        0x080001bf   Thumb Code     0  startup_stm32l051xx.o(.text)
    LPUART1_IRQHandler                       0x080001bf   Thumb Code     0  startup_stm32l051xx.o(.text)
    PVD_IRQHandler                           0x080001bf   Thumb Code     0  startup_stm32l051xx.o(.text)
    RCC_IRQHandler                           0x080001bf   Thumb Code     0  startup_stm32l051xx.o(.text)
    RTC_IRQHandler                           0x080001bf   Thumb Code     0  startup_stm32l051xx.o(.text)
    SPI1_IRQHandler                          0x080001bf   Thumb Code     0  startup_stm32l051xx.o(.text)
    SPI2_IRQHandler                          0x080001bf   Thumb Code     0  startup_stm32l051xx.o(.text)
    TIM21_IRQHandler                         0x080001bf   Thumb Code     0  startup_stm32l051xx.o(.text)
    TIM22_IRQHandler                         0x080001bf   Thumb Code     0  startup_stm32l051xx.o(.text)
    USART1_IRQHandler                        0x080001bf   Thumb Code     0  startup_stm32l051xx.o(.text)
    USART2_IRQHandler                        0x080001bf   Thumb Code     0  startup_stm32l051xx.o(.text)
    WWDG_IRQHandler                          0x080001bf   Thumb Code     0  startup_stm32l051xx.o(.text)
    __user_initial_stackheap                 0x080001c1   Thumb Code     0  startup_stm32l051xx.o(.text)
    __aeabi_uldivmod                         0x080001e5   Thumb Code   258  lludiv.o(.text)
    _ll_udiv                                 0x080001e5   Thumb Code     0  lludiv.o(.text)
    __2sprintf                               0x080002e9   Thumb Code    36  noretval__2sprintf.o(.text)
    __printf                                 0x08000311   Thumb Code   108  __printf.o(.text)
    _printf_str                              0x0800037d   Thumb Code    82  _printf_str.o(.text)
    _printf_int_dec                          0x080003d1   Thumb Code    90  _printf_dec.o(.text)
    _printf_int_hex                          0x0800043d   Thumb Code    84  _printf_hex_int.o(.text)
    _printf_longlong_hex                     0x0800043d   Thumb Code     0  _printf_hex_int.o(.text)
    strchr                                   0x08000495   Thumb Code    20  strchr.o(.text)
    strstr                                   0x080004a9   Thumb Code    40  strstr.o(.text)
    strrchr                                  0x080004d1   Thumb Code    22  strrchr.o(.text)
    strlen                                   0x080004e9   Thumb Code    62  strlen.o(.text)
    _memset_w                                0x0800052d   Thumb Code    26  rt_memclr.o(.text)
    _memset                                  0x08000547   Thumb Code    30  rt_memclr.o(.text)
    __aeabi_memclr                           0x08000565   Thumb Code     4  rt_memclr.o(.text)
    __rt_memclr                              0x08000565   Thumb Code     0  rt_memclr.o(.text)
    __aeabi_memclr4                          0x08000569   Thumb Code     0  rt_memclr.o(.text)
    __aeabi_memclr8                          0x08000569   Thumb Code     0  rt_memclr.o(.text)
    __rt_memclr_w                            0x08000569   Thumb Code     4  rt_memclr.o(.text)
    strncpy                                  0x0800056d   Thumb Code   104  strncpy.o(.text)
    __aeabi_uidiv                            0x080005d9   Thumb Code     0  aeabi_sdiv.o(.text)
    __aeabi_uidivmod                         0x080005d9   Thumb Code    20  aeabi_sdiv.o(.text)
    __aeabi_idiv                             0x080005ed   Thumb Code     0  aeabi_sdiv.o(.text)
    __aeabi_idivmod                          0x080005ed   Thumb Code   326  aeabi_sdiv.o(.text)
    __use_two_region_memory                  0x08000733   Thumb Code     2  heapauxi.o(.text)
    __rt_heap_escrow$2region                 0x08000735   Thumb Code     2  heapauxi.o(.text)
    __rt_heap_expand$2region                 0x08000737   Thumb Code     2  heapauxi.o(.text)
    __aeabi_d2f                              0x08000739   Thumb Code     0  d2f.o(.text)
    _d2f                                     0x08000739   Thumb Code   120  d2f.o(.text)
    __aeabi_ddiv                             0x080007b5   Thumb Code     0  ddiv.o(.text)
    _ddiv                                    0x080007b5   Thumb Code  1072  ddiv.o(.text)
    _drdiv                                   0x08000be5   Thumb Code    20  ddiv.o(.text)
    __aeabi_i2d_normalise                    0x08000bfd   Thumb Code    66  dflti.o(.text)
    __aeabi_i2d                              0x08000c3f   Thumb Code    16  dflti.o(.text)
    _dflt                                    0x08000c3f   Thumb Code     0  dflti.o(.text)
    __aeabi_ui2d                             0x08000c4f   Thumb Code     6  dflti.o(.text)
    _dfltu                                   0x08000c4f   Thumb Code     0  dflti.o(.text)
    __aeabi_dmul                             0x08000c55   Thumb Code     0  dmul.o(.text)
    _dmul                                    0x08000c55   Thumb Code   558  dmul.o(.text)
    __ARM_scalbn                             0x08000e9d   Thumb Code    84  dscalbn.o(.text)
    __aeabi_f2d                              0x08000efd   Thumb Code     0  f2d.o(.text)
    _f2d                                     0x08000efd   Thumb Code    80  f2d.o(.text)
    _printf_int_common                       0x08000f51   Thumb Code   176  _printf_intcommon.o(.text)
    __lib_sel_fp_printf                      0x08001001   Thumb Code     2  _printf_fp_dec.o(.text)
    _printf_fp_dec_real                      0x0800119f   Thumb Code   620  _printf_fp_dec.o(.text)
    _printf_char_common                      0x08001423   Thumb Code    32  _printf_char_common.o(.text)
    _sputc                                   0x08001449   Thumb Code    10  _sputc.o(.text)
    _printf_cs_common                        0x08001453   Thumb Code    22  _printf_char.o(.text)
    _printf_char                             0x08001469   Thumb Code    16  _printf_char.o(.text)
    _printf_string                           0x08001479   Thumb Code     8  _printf_char.o(.text)
    __strtod_int                             0x080014bd   Thumb Code    94  strtod.o(.text)
    __rt_udiv10                              0x0800152d   Thumb Code    40  rtudiv10.o(.text)
    __fpl_dcmp_InfNaN                        0x08001555   Thumb Code   140  dcmpin.o(.text)
    __rt_locale                              0x080015e5   Thumb Code     8  rt_locale_intlibspace.o(.text)
    _ll_udiv10                               0x080015ed   Thumb Code   122  lludiv10.o(.text)
    isspace                                  0x08001667   Thumb Code    18  isspace.o(.text)
    _printf_fp_infnan                        0x08001679   Thumb Code   120  _printf_fp_infnan.o(.text)
    _sgetc                                   0x08001701   Thumb Code    32  _sgetc.o(.text)
    _sbackspace                              0x08001721   Thumb Code    36  _sgetc.o(.text)
    _btod_etento                             0x08001745   Thumb Code   210  bigflt0.o(.text)
    _btod_d2e                                0x0800181d   Thumb Code    64  btod.o(.text)
    _btod_emul                               0x08001c51   Thumb Code    28  btod.o(.text)
    _btod_emuld                              0x08001c6d   Thumb Code   144  btod.o(.text)
    _btod_ediv                               0x08001cfd   Thumb Code    26  btod.o(.text)
    _btod_edivd                              0x08001d17   Thumb Code   124  btod.o(.text)
    __fpl_cmpreturn                          0x08001d9d   Thumb Code    46  cmpret.o(.text)
    __fpl_dcheck_NaN2                        0x08001dcd   Thumb Code    14  dnan2.o(.text)
    __user_libspace                          0x08001de1   Thumb Code     8  libspace.o(.text)
    __user_perproc_libspace                  0x08001de1   Thumb Code     0  libspace.o(.text)
    __user_perthread_libspace                0x08001de1   Thumb Code     0  libspace.o(.text)
    __user_setup_stackheap                   0x08001de9   Thumb Code    62  sys_stackheap_outer.o(.text)
    __rt_ctype_table                         0x08001e29   Thumb Code    16  rt_ctype_table.o(.text)
    _scanf_really_real                       0x08002093   Thumb Code   710  scanf_fp.o(.text)
    exit                                     0x08002359   Thumb Code    16  exit.o(.text)
    strcmp                                   0x08002369   Thumb Code   132  strcmp.o(.text)
    __fpl_return_NaN                         0x080023f1   Thumb Code    94  retnan.o(.text)
    __aeabi_errno_addr                       0x08002451   Thumb Code     8  rt_errno_addr_intlibspace.o(.text)
    __errno$intlibspace                      0x08002451   Thumb Code     0  rt_errno_addr_intlibspace.o(.text)
    __rt_errno_addr$intlibspace              0x08002451   Thumb Code     0  rt_errno_addr_intlibspace.o(.text)
    __aeabi_lmul                             0x08002459   Thumb Code    48  llmul.o(.text)
    _ll_mul                                  0x08002459   Thumb Code     0  llmul.o(.text)
    _sys_exit                                0x08002489   Thumb Code     8  sys_exit.o(.text)
    __read_errno                             0x08002495   Thumb Code    10  _rserrno.o(.text)
    __set_errno                              0x0800249f   Thumb Code    12  _rserrno.o(.text)
    _scanf_really_hex_real                   0x080024ad   Thumb Code   806  scanf_hexfp.o(.text)
    _scanf_really_infnan                     0x080027e1   Thumb Code   300  scanf_infnan.o(.text)
    __I$use$semihosting                      0x0800291d   Thumb Code     0  use_no_semi.o(.text)
    __use_no_semihosting_swi                 0x0800291d   Thumb Code     2  use_no_semi.o(.text)
    __aeabi_llsl                             0x0800291f   Thumb Code    32  llshl.o(.text)
    __semihosting_library_function           0x0800291f   Thumb Code     0  indicate_semi.o(.text)
    _ll_shift_l                              0x0800291f   Thumb Code     0  llshl.o(.text)
    _chval                                   0x0800293f   Thumb Code    30  _chval.o(.text)
    BEEP_On                                  0x080029e5   Thumb Code    36  gpio.o(i.BEEP_On)
    EXTI0_1_IRQHandler                       0x08002a0d   Thumb Code    10  stm32l0xx_it.o(i.EXTI0_1_IRQHandler)
    EXTI4_15_IRQHandler                      0x08002a17   Thumb Code    10  stm32l0xx_it.o(i.EXTI4_15_IRQHandler)
    Error_Handler                            0x08002a21   Thumb Code     4  main.o(i.Error_Handler)
    Get_Mode_State                           0x08002a25   Thumb Code    18  gpio.o(i.Get_Mode_State)
    Get_Water_State                          0x08002a3d   Thumb Code    20  gpio.o(i.Get_Water_State)
    HAL_ADC_ConfigChannel                    0x08002a55   Thumb Code   140  stm32l0xx_hal_adc.o(i.HAL_ADC_ConfigChannel)
    HAL_ADC_GetValue                         0x08002ae9   Thumb Code     6  stm32l0xx_hal_adc.o(i.HAL_ADC_GetValue)
    HAL_ADC_Init                             0x08002af1   Thumb Code   446  stm32l0xx_hal_adc.o(i.HAL_ADC_Init)
    HAL_ADC_MspInit                          0x08002cb9   Thumb Code    70  adc.o(i.HAL_ADC_MspInit)
    HAL_ADC_Start                            0x08002d0d   Thumb Code    86  stm32l0xx_hal_adc.o(i.HAL_ADC_Start)
    HAL_Delay                                0x08002d69   Thumb Code    32  stm32l0xx_hal.o(i.HAL_Delay)
    HAL_GPIO_EXTI_Callback                   0x08002d8d   Thumb Code   456  stm32l0xx_it.o(i.HAL_GPIO_EXTI_Callback)
    HAL_GPIO_EXTI_IRQHandler                 0x08002fc5   Thumb Code    18  stm32l0xx_hal_gpio.o(i.HAL_GPIO_EXTI_IRQHandler)
    HAL_GPIO_Init                            0x08002fdd   Thumb Code   346  stm32l0xx_hal_gpio.o(i.HAL_GPIO_Init)
    HAL_GPIO_ReadPin                         0x08003155   Thumb Code    10  stm32l0xx_hal_gpio.o(i.HAL_GPIO_ReadPin)
    HAL_GPIO_WritePin                        0x0800315f   Thumb Code    12  stm32l0xx_hal_gpio.o(i.HAL_GPIO_WritePin)
    HAL_GetTick                              0x0800316d   Thumb Code     6  stm32l0xx_hal.o(i.HAL_GetTick)
    HAL_I2CEx_ConfigAnalogFilter             0x08003179   Thumb Code    74  stm32l0xx_hal_i2c_ex.o(i.HAL_I2CEx_ConfigAnalogFilter)
    HAL_I2CEx_ConfigDigitalFilter            0x080031c3   Thumb Code    72  stm32l0xx_hal_i2c_ex.o(i.HAL_I2CEx_ConfigDigitalFilter)
    HAL_I2C_Init                             0x0800320d   Thumb Code   176  stm32l0xx_hal_i2c.o(i.HAL_I2C_Init)
    HAL_I2C_IsDeviceReady                    0x080032c1   Thumb Code   282  stm32l0xx_hal_i2c.o(i.HAL_I2C_IsDeviceReady)
    HAL_I2C_Mem_Read                         0x080033e1   Thumb Code   332  stm32l0xx_hal_i2c.o(i.HAL_I2C_Mem_Read)
    HAL_I2C_Mem_Write                        0x08003535   Thumb Code   326  stm32l0xx_hal_i2c.o(i.HAL_I2C_Mem_Write)
    HAL_I2C_MspInit                          0x08003681   Thumb Code    82  i2c.o(i.HAL_I2C_MspInit)
    HAL_IncTick                              0x080036e1   Thumb Code    24  main.o(i.HAL_IncTick)
    HAL_Init                                 0x08003701   Thumb Code    36  stm32l0xx_hal.o(i.HAL_Init)
    HAL_InitTick                             0x08003729   Thumb Code    58  stm32l0xx_hal.o(i.HAL_InitTick)
    HAL_MspInit                              0x0800376d   Thumb Code    20  stm32l0xx_hal_msp.o(i.HAL_MspInit)
    HAL_NVIC_EnableIRQ                       0x08003785   Thumb Code    18  stm32l0xx_hal_cortex.o(i.HAL_NVIC_EnableIRQ)
    HAL_NVIC_SetPriority                     0x0800379d   Thumb Code     8  stm32l0xx_hal_cortex.o(i.HAL_NVIC_SetPriority)
    HAL_RCCEx_PeriphCLKConfig                0x080037a5   Thumb Code   342  stm32l0xx_hal_rcc_ex.o(i.HAL_RCCEx_PeriphCLKConfig)
    HAL_RCC_ClockConfig                      0x08003909   Thumb Code   386  stm32l0xx_hal_rcc.o(i.HAL_RCC_ClockConfig)
    HAL_RCC_GetPCLK1Freq                     0x08003aa5   Thumb Code    20  stm32l0xx_hal_rcc.o(i.HAL_RCC_GetPCLK1Freq)
    HAL_RCC_GetPCLK2Freq                     0x08003ac5   Thumb Code    20  stm32l0xx_hal_rcc.o(i.HAL_RCC_GetPCLK2Freq)
    HAL_RCC_GetSysClockFreq                  0x08003ae5   Thumb Code   108  stm32l0xx_hal_rcc.o(i.HAL_RCC_GetSysClockFreq)
    HAL_RCC_OscConfig                        0x08003b5d   Thumb Code  1062  stm32l0xx_hal_rcc.o(i.HAL_RCC_OscConfig)
    HAL_SYSTICK_Config                       0x08003f85   Thumb Code    38  stm32l0xx_hal_cortex.o(i.HAL_SYSTICK_Config)
    HAL_TIMEx_MasterConfigSynchronization    0x08003fb5   Thumb Code    78  stm32l0xx_hal_tim_ex.o(i.HAL_TIMEx_MasterConfigSynchronization)
    HAL_TIM_Base_Init                        0x0800400d   Thumb Code    62  stm32l0xx_hal_tim.o(i.HAL_TIM_Base_Init)
    HAL_TIM_Base_MspInit                     0x0800404d   Thumb Code    68  tim.o(i.HAL_TIM_Base_MspInit)
    HAL_TIM_Base_Start_IT                    0x08004099   Thumb Code    68  stm32l0xx_hal_tim.o(i.HAL_TIM_Base_Start_IT)
    HAL_TIM_Base_Stop                        0x080040e5   Thumb Code    28  stm32l0xx_hal_tim.o(i.HAL_TIM_Base_Stop)
    HAL_TIM_Base_Stop_IT                     0x08004105   Thumb Code    38  stm32l0xx_hal_tim.o(i.HAL_TIM_Base_Stop_IT)
    HAL_TIM_ConfigClockSource                0x08004131   Thumb Code   208  stm32l0xx_hal_tim.o(i.HAL_TIM_ConfigClockSource)
    HAL_TIM_IC_CaptureCallback               0x08004201   Thumb Code     2  stm32l0xx_hal_tim.o(i.HAL_TIM_IC_CaptureCallback)
    HAL_TIM_IRQHandler                       0x08004203   Thumb Code   294  stm32l0xx_hal_tim.o(i.HAL_TIM_IRQHandler)
    HAL_TIM_OC_DelayElapsedCallback          0x08004329   Thumb Code     2  stm32l0xx_hal_tim.o(i.HAL_TIM_OC_DelayElapsedCallback)
    HAL_TIM_PWM_PulseFinishedCallback        0x0800432b   Thumb Code     2  stm32l0xx_hal_tim.o(i.HAL_TIM_PWM_PulseFinishedCallback)
    HAL_TIM_PeriodElapsedCallback            0x0800432d   Thumb Code   384  stm32l0xx_it.o(i.HAL_TIM_PeriodElapsedCallback)
    HAL_TIM_TriggerCallback                  0x08004511   Thumb Code     2  stm32l0xx_hal_tim.o(i.HAL_TIM_TriggerCallback)
    HAL_UART_Init                            0x08004513   Thumb Code   106  stm32l0xx_hal_uart.o(i.HAL_UART_Init)
    HAL_UART_MspInit                         0x0800457d   Thumb Code   154  usart.o(i.HAL_UART_MspInit)
    HAL_UART_Receive                         0x0800462d   Thumb Code   266  stm32l0xx_hal_uart.o(i.HAL_UART_Receive)
    HAL_UART_Transmit                        0x0800473d   Thumb Code   210  stm32l0xx_hal_uart.o(i.HAL_UART_Transmit)
    HardFault_Handler                        0x0800480f   Thumb Code     2  stm32l0xx_it.o(i.HardFault_Handler)
    MX_ADC_Init                              0x08004a79   Thumb Code   100  adc.o(i.MX_ADC_Init)
    MX_GPIO_Init                             0x08004ae9   Thumb Code   222  gpio.o(i.MX_GPIO_Init)
    MX_I2C1_Init                             0x08004be1   Thumb Code    76  i2c.o(i.MX_I2C1_Init)
    MX_LPUART1_UART_Init                     0x08004c39   Thumb Code    46  usart.o(i.MX_LPUART1_UART_Init)
    MX_TIM2_Init                             0x08004c71   Thumb Code    98  tim.o(i.MX_TIM2_Init)
    MX_TIM6_Init                             0x08004ce1   Thumb Code    60  tim.o(i.MX_TIM6_Init)
    MX_USART1_UART_Init                      0x08004d2d   Thumb Code    48  usart.o(i.MX_USART1_UART_Init)
    MX_USART2_UART_Init                      0x08004d65   Thumb Code    48  usart.o(i.MX_USART2_UART_Init)
    NMI_Handler                              0x08004d9d   Thumb Code     2  stm32l0xx_it.o(i.NMI_Handler)
    PendSV_Handler                           0x08004d9f   Thumb Code     2  stm32l0xx_it.o(i.PendSV_Handler)
    SVC_Handler                              0x08004da1   Thumb Code     2  stm32l0xx_it.o(i.SVC_Handler)
    SysTick_Handler                          0x08004da3   Thumb Code     8  stm32l0xx_it.o(i.SysTick_Handler)
    SystemClock_Config                       0x08004dad   Thumb Code   142  main.o(i.SystemClock_Config)
    SystemInit                               0x08004e41   Thumb Code     2  system_stm32l0xx.o(i.SystemInit)
    TIM2_IRQHandler                          0x08004e45   Thumb Code    10  stm32l0xx_it.o(i.TIM2_IRQHandler)
    TIM6_IRQHandler                          0x08004e55   Thumb Code    10  stm32l0xx_it.o(i.TIM6_IRQHandler)
    UART_AdvFeatureConfig                    0x08004f2b   Thumb Code   202  stm32l0xx_hal_uart.o(i.UART_AdvFeatureConfig)
    UART_CheckIdleState                      0x08004ff5   Thumb Code    94  stm32l0xx_hal_uart.o(i.UART_CheckIdleState)
    UART_SetConfig                           0x08005059   Thumb Code   480  stm32l0xx_hal_uart.o(i.UART_SetConfig)
    UART_WaitOnFlagUntilTimeout              0x08005259   Thumb Code   158  stm32l0xx_hal_uart.o(i.UART_WaitOnFlagUntilTimeout)
    __ARM_common_ll_muluu                    0x080052f7   Thumb Code    48  stm32l0xx_hal_rcc.o(i.__ARM_common_ll_muluu)
    __ARM_common_switch8                     0x08005327   Thumb Code    26  stm32l0xx_hal_dma.o(i.__ARM_common_switch8)
    __ARM_fpclassify                         0x08005341   Thumb Code    40  fpclassify.o(i.__ARM_fpclassify)
    __mathlib_dbl_overflow                   0x080053b1   Thumb Code    16  dunder.o(i.__mathlib_dbl_overflow)
    __mathlib_dbl_underflow                  0x080053c5   Thumb Code    14  dunder.o(i.__mathlib_dbl_underflow)
    __mathlib_narrow                         0x080053d9   Thumb Code    16  narrow.o(i.__mathlib_narrow)
    __mathlib_tofloat                        0x080053e9   Thumb Code   190  narrow.o(i.__mathlib_tofloat)
    __support_ldexp                          0x080054b1   Thumb Code    20  ldexp.o(i.__support_ldexp)
    _is_digit                                0x080054c5   Thumb Code    14  __printf_wp.o(i._is_digit)
    ble_mode_init                            0x080054d5   Thumb Code    44  usart.o(i.ble_mode_init)
    check_error                              0x08005539   Thumb Code   168  main.o(i.check_error)
    connect_tcp_server                       0x08005609   Thumb Code    74  usart.o(i.connect_tcp_server)
    connet_remote_ble                        0x0800568d   Thumb Code    24  usart.o(i.connet_remote_ble)
    frexp                                    0x080056b5   Thumb Code    72  frexp.o(i.frexp)
    get_voleage                              0x0800570d   Thumb Code   100  adc.o(i.get_voleage)
    ldexp                                    0x08005781   Thumb Code   112  ldexp.o(i.ldexp)
    lis3dh_get_xyz                           0x080057f1   Thumb Code    98  i2c.o(i.lis3dh_get_xyz)
    lis3dh_init                              0x08005853   Thumb Code    88  i2c.o(i.lis3dh_init)
    lis3dh_read                              0x080058ab   Thumb Code    42  i2c.o(i.lis3dh_read)
    lis3dh_write                             0x080058d5   Thumb Code    32  i2c.o(i.lis3dh_write)
    main                                     0x080058f5   Thumb Code   106  main.o(i.main)
    nb_module_init                           0x080059a1   Thumb Code   190  usart.o(i.nb_module_init)
    parseImei                                0x08005ad1   Thumb Code    34  usart.o(i.parseImei)
    print_u1                                 0x08005b01   Thumb Code    50  usart.o(i.print_u1)
    process_remote_ble_recv                  0x08005b39   Thumb Code   134  main.o(i.process_remote_ble_recv)
    send_msg_ble                             0x08005c01   Thumb Code    94  usart.o(i.send_msg_ble)
    send_msg_nbtcp_server                    0x08005c65   Thumb Code    76  usart.o(i.send_msg_nbtcp_server)
    send_remote_ble                          0x08005ce1   Thumb Code    38  usart.o(i.send_remote_ble)
    send_user_ble                            0x08005d21   Thumb Code    24  usart.o(i.send_user_ble)
    set_reset_brts                           0x08005d4d   Thumb Code    26  gpio.o(i.set_reset_brts)
    set_reset_net_module                     0x08005d69   Thumb Code    24  gpio.o(i.set_reset_net_module)
    set_reset_net_psm                        0x08005d85   Thumb Code    24  gpio.o(i.set_reset_net_psm)
    strtod                                   0x08005da1   Thumb Code    28  strtod.o(i.strtod)
    _get_lc_numeric                          0x08005dbd   Thumb Code    44  lc_numeric_c.o(locale$$code)
    _get_lc_ctype                            0x08005de9   Thumb Code    44  lc_ctype_c.o(locale$$code)
    __aeabi_cdcmpeq                          0x08005e15   Thumb Code     0  deqf.o(x$fpl$deqf)
    _dcmpeq                                  0x08005e15   Thumb Code    94  deqf.o(x$fpl$deqf)
    __aeabi_cdcmple                          0x08005e79   Thumb Code     0  dlef.o(x$fpl$dleqf)
    _dcmple                                  0x08005e79   Thumb Code    94  dlef.o(x$fpl$dleqf)
    __aeabi_cdrcmple                         0x08005edd   Thumb Code     0  drlef.o(x$fpl$drleqf)
    _drcmple                                 0x08005edd   Thumb Code   100  drlef.o(x$fpl$drleqf)
    _printf_fp_dec                           0x08005f45   Thumb Code    16  printf1.o(x$fpl$printf1)
    _scanf_real                              0x08005f55   Thumb Code    16  scanf1.o(x$fpl$scanf1)
    _scanf_hex_real                          0x08005f65   Thumb Code    16  scanf2.o(x$fpl$scanf2)
    _scanf_infnan                            0x08005f75   Thumb Code    16  scanf2.o(x$fpl$scanf2)
    AHBPrescTable                            0x08005f84   Data          16  system_stm32l0xx.o(.constdata)
    __I$use$fp                               0x08005f84   Number         0  usenofp.o(x$fpl$usenofp)
    PLLMulTable                              0x08005f94   Data           9  system_stm32l0xx.o(.constdata)
    APBPrescTable                            0x08005f9d   Data           8  system_stm32l0xx.o(.constdata)
    Region$$Table$$Base                      0x080061d0   Number         0  anon$$obj.o(Region$$Table)
    Region$$Table$$Limit                     0x080061f0   Number         0  anon$$obj.o(Region$$Table)
    __aeabi_HUGE_VAL                         0x080061f0   Data           0  fpconst.o(c$$dinf)
    __aeabi_HUGE_VALL                        0x080061f0   Data           0  fpconst.o(c$$dinf)
    __aeabi_INFINITY                         0x080061f0   Data           0  fpconst.o(c$$dinf)
    __dInf                                   0x080061f0   Data           0  fpconst.o(c$$dinf)
    __huge_val                               0x080061f0   Data           0  fpconst.o(c$$dinf)
    __dbl_max                                0x080061f8   Data           0  fpconst.o(c$$dmax)
    __ctype                                  0x08006229   Data           0  lc_ctype_c.o(locale$$data)
    it0_count                                0x20000000   Data           1  main.o(.data)
    NB_4G_State                              0x20000001   Data           1  main.o(.data)
    Water_State                              0x20000004   Data           1  main.o(.data)
    isGetWP                                  0x20000005   Data           1  main.o(.data)
    Voleage                                  0x20000008   Data           4  main.o(.data)
    g_init_y                                 0x2000000c   Data           4  main.o(.data)
    g_init_z                                 0x20000010   Data           4  main.o(.data)
    g_init_x                                 0x20000014   Data           4  main.o(.data)
    lis3dh_buffer                            0x20000018   Data           6  i2c.o(.data)
    tcp_client_socket                        0x2000001e   Data           1  usart.o(.data)
    tcp_server_port                          0x20000020   Data           2  usart.o(.data)
    tcp_server_ip                            0x20000022   Data          18  usart.o(.data)
    REMOTE_MAC                               0x20000034   Data          64  usart.o(.data)
    err_rpt_flag                             0x20000074   Data           1  stm32l0xx_it.o(.data)
    gUsrStartFlag                            0x20000075   Data           1  stm32l0xx_it.o(.data)
    gCycleRptCount                           0x20000076   Data           2  stm32l0xx_it.o(.data)
    gTimCounter                              0x20000078   Data           2  stm32l0xx_it.o(.data)
    default_lat                              0x2000007a   Data           6  stm32l0xx_it.o(.data)
    default_lon                              0x20000080   Data           8  stm32l0xx_it.o(.data)
    uwTickFreq                               0x20000088   Data           1  stm32l0xx_hal.o(.data)
    uwTickPrio                               0x2000008c   Data           4  stm32l0xx_hal.o(.data)
    uwTick                                   0x20000090   Data           4  stm32l0xx_hal.o(.data)
    SystemCoreClock                          0x20000094   Data           4  system_stm32l0xx.o(.data)
    Water_Pre                                0x20000098   Data          10  main.o(.bss)
    hadc                                     0x200000a4   Data          92  adc.o(.bss)
    g_lis3dh                                 0x20000100   Data          32  i2c.o(.bss)
    hi2c1                                    0x20000120   Data          76  i2c.o(.bss)
    GPS                                      0x20000170   Data          24  usart.o(.bss)
    gIMEI                                    0x20000188   Data          16  usart.o(.bss)
    hlpuart1                                 0x20000198   Data         132  usart.o(.bss)
    huart1                                   0x2000021c   Data         132  usart.o(.bss)
    huart2                                   0x200002a0   Data         132  usart.o(.bss)
    htim2                                    0x20000324   Data          64  tim.o(.bss)
    htim6                                    0x20000364   Data          64  tim.o(.bss)
    __libspace_start                         0x200003a4   Data          96  libspace.o(.bss)
    __temporary_stack_top$libspace           0x20000404   Data           0  libspace.o(.bss)



==============================================================================

Memory Map of the image

  Image Entry point : 0x080000c1

  Load Region LR_IROM1 (Base: 0x08000000, Size: 0x000063c4, Max: 0x00010000, ABSOLUTE)

    Execution Region ER_IROM1 (Exec base: 0x08000000, Load base: 0x08000000, Size: 0x0000632c, Max: 0x00010000, ABSOLUTE)

    Exec Addr    Load Addr    Size         Type   Attr      Idx    E Section Name        Object

    0x08000000   0x08000000   0x000000c0   Data   RO            3    RESET               startup_stm32l051xx.o
    0x080000c0   0x080000c0   0x00000008   Code   RO         3875  * !!!main             c_p.l(__main.o)
    0x080000c8   0x080000c8   0x0000003c   Code   RO         4203    !!!scatter          c_p.l(__scatter.o)
    0x08000104   0x08000104   0x0000001a   Code   RO         4205    !!handler_copy      c_p.l(__scatter_copy.o)
    0x0800011e   0x0800011e   0x00000002   PAD
    0x08000120   0x08000120   0x0000001c   Code   RO         4207    !!handler_zi        c_p.l(__scatter_zi.o)
    0x0800013c   0x0800013c   0x00000002   Code   RO         3856    .ARM.Collect$$_printf_percent$$00000000  c_p.l(_printf_percent.o)
    0x0800013e   0x0800013e   0x0000000a   Code   RO         3855    .ARM.Collect$$_printf_percent$$00000003  c_p.l(_printf_f.o)
    0x08000148   0x08000148   0x0000000a   Code   RO         3854    .ARM.Collect$$_printf_percent$$00000009  c_p.l(_printf_d.o)
    0x08000152   0x08000152   0x0000000a   Code   RO         3853    .ARM.Collect$$_printf_percent$$0000000C  c_p.l(_printf_x.o)
    0x0800015c   0x0800015c   0x0000000a   Code   RO         3852    .ARM.Collect$$_printf_percent$$00000014  c_p.l(_printf_s.o)
    0x08000166   0x08000166   0x00000004   Code   RO         3923    .ARM.Collect$$_printf_percent$$00000017  c_p.l(_printf_percent_end.o)
    0x0800016a   0x0800016a   0x00000002   Code   RO         4004    .ARM.Collect$$libinit$$00000000  c_p.l(libinit.o)
    0x0800016c   0x0800016c   0x00000000   Code   RO         4006    .ARM.Collect$$libinit$$00000002  c_p.l(libinit2.o)
    0x0800016c   0x0800016c   0x00000000   Code   RO         4008    .ARM.Collect$$libinit$$00000004  c_p.l(libinit2.o)
    0x0800016c   0x0800016c   0x00000000   Code   RO         4011    .ARM.Collect$$libinit$$0000000A  c_p.l(libinit2.o)
    0x0800016c   0x0800016c   0x00000000   Code   RO         4013    .ARM.Collect$$libinit$$0000000C  c_p.l(libinit2.o)
    0x0800016c   0x0800016c   0x00000000   Code   RO         4015    .ARM.Collect$$libinit$$0000000E  c_p.l(libinit2.o)
    0x0800016c   0x0800016c   0x00000006   Code   RO         4016    .ARM.Collect$$libinit$$0000000F  c_p.l(libinit2.o)
    0x08000172   0x08000172   0x00000000   Code   RO         4018    .ARM.Collect$$libinit$$00000011  c_p.l(libinit2.o)
    0x08000172   0x08000172   0x0000000c   Code   RO         4019    .ARM.Collect$$libinit$$00000012  c_p.l(libinit2.o)
    0x0800017e   0x0800017e   0x00000000   Code   RO         4020    .ARM.Collect$$libinit$$00000013  c_p.l(libinit2.o)
    0x0800017e   0x0800017e   0x00000000   Code   RO         4022    .ARM.Collect$$libinit$$00000015  c_p.l(libinit2.o)
    0x0800017e   0x0800017e   0x0000000a   Code   RO         4023    .ARM.Collect$$libinit$$00000016  c_p.l(libinit2.o)
    0x08000188   0x08000188   0x00000000   Code   RO         4024    .ARM.Collect$$libinit$$00000017  c_p.l(libinit2.o)
    0x08000188   0x08000188   0x00000000   Code   RO         4026    .ARM.Collect$$libinit$$00000019  c_p.l(libinit2.o)
    0x08000188   0x08000188   0x00000000   Code   RO         4028    .ARM.Collect$$libinit$$0000001B  c_p.l(libinit2.o)
    0x08000188   0x08000188   0x00000000   Code   RO         4030    .ARM.Collect$$libinit$$0000001D  c_p.l(libinit2.o)
    0x08000188   0x08000188   0x00000000   Code   RO         4032    .ARM.Collect$$libinit$$0000001F  c_p.l(libinit2.o)
    0x08000188   0x08000188   0x00000000   Code   RO         4034    .ARM.Collect$$libinit$$00000021  c_p.l(libinit2.o)
    0x08000188   0x08000188   0x00000000   Code   RO         4036    .ARM.Collect$$libinit$$00000023  c_p.l(libinit2.o)
    0x08000188   0x08000188   0x00000000   Code   RO         4038    .ARM.Collect$$libinit$$00000025  c_p.l(libinit2.o)
    0x08000188   0x08000188   0x00000000   Code   RO         4042    .ARM.Collect$$libinit$$0000002C  c_p.l(libinit2.o)
    0x08000188   0x08000188   0x00000000   Code   RO         4044    .ARM.Collect$$libinit$$0000002E  c_p.l(libinit2.o)
    0x08000188   0x08000188   0x00000000   Code   RO         4046    .ARM.Collect$$libinit$$00000030  c_p.l(libinit2.o)
    0x08000188   0x08000188   0x00000000   Code   RO         4048    .ARM.Collect$$libinit$$00000032  c_p.l(libinit2.o)
    0x08000188   0x08000188   0x00000002   Code   RO         4049    .ARM.Collect$$libinit$$00000033  c_p.l(libinit2.o)
    0x0800018a   0x0800018a   0x00000002   Code   RO         4141    .ARM.Collect$$libshutdown$$00000000  c_p.l(libshutdown.o)
    0x0800018c   0x0800018c   0x00000000   Code   RO         4171    .ARM.Collect$$libshutdown$$00000002  c_p.l(libshutdown2.o)
    0x0800018c   0x0800018c   0x00000000   Code   RO         4173    .ARM.Collect$$libshutdown$$00000004  c_p.l(libshutdown2.o)
    0x0800018c   0x0800018c   0x00000000   Code   RO         4176    .ARM.Collect$$libshutdown$$00000007  c_p.l(libshutdown2.o)
    0x0800018c   0x0800018c   0x00000000   Code   RO         4179    .ARM.Collect$$libshutdown$$0000000A  c_p.l(libshutdown2.o)
    0x0800018c   0x0800018c   0x00000000   Code   RO         4181    .ARM.Collect$$libshutdown$$0000000C  c_p.l(libshutdown2.o)
    0x0800018c   0x0800018c   0x00000000   Code   RO         4184    .ARM.Collect$$libshutdown$$0000000F  c_p.l(libshutdown2.o)
    0x0800018c   0x0800018c   0x00000002   Code   RO         4185    .ARM.Collect$$libshutdown$$00000010  c_p.l(libshutdown2.o)
    0x0800018e   0x0800018e   0x00000000   Code   RO         3904    .ARM.Collect$$rtentry$$00000000  c_p.l(__rtentry.o)
    0x0800018e   0x0800018e   0x00000000   Code   RO         3932    .ARM.Collect$$rtentry$$00000002  c_p.l(__rtentry2.o)
    0x0800018e   0x0800018e   0x00000006   Code   RO         3944    .ARM.Collect$$rtentry$$00000004  c_p.l(__rtentry4.o)
    0x08000194   0x08000194   0x00000000   Code   RO         3934    .ARM.Collect$$rtentry$$00000009  c_p.l(__rtentry2.o)
    0x08000194   0x08000194   0x00000004   Code   RO         3935    .ARM.Collect$$rtentry$$0000000A  c_p.l(__rtentry2.o)
    0x08000198   0x08000198   0x00000000   Code   RO         3937    .ARM.Collect$$rtentry$$0000000C  c_p.l(__rtentry2.o)
    0x08000198   0x08000198   0x00000008   Code   RO         3938    .ARM.Collect$$rtentry$$0000000D  c_p.l(__rtentry2.o)
    0x080001a0   0x080001a0   0x00000002   Code   RO         4053    .ARM.Collect$$rtexit$$00000000  c_p.l(rtexit.o)
    0x080001a2   0x080001a2   0x00000000   Code   RO         4094    .ARM.Collect$$rtexit$$00000002  c_p.l(rtexit2.o)
    0x080001a2   0x080001a2   0x00000004   Code   RO         4095    .ARM.Collect$$rtexit$$00000003  c_p.l(rtexit2.o)
    0x080001a6   0x080001a6   0x00000006   Code   RO         4096    .ARM.Collect$$rtexit$$00000004  c_p.l(rtexit2.o)
    0x080001ac   0x080001ac   0x00000038   Code   RO            4    .text               startup_stm32l051xx.o
    0x080001e4   0x080001e4   0x00000102   Code   RO         3799    .text               c_p.l(lludiv.o)
    0x080002e6   0x080002e6   0x00000002   PAD
    0x080002e8   0x080002e8   0x00000028   Code   RO         3803    .text               c_p.l(noretval__2sprintf.o)
    0x08000310   0x08000310   0x0000006c   Code   RO         3805    .text               c_p.l(__printf.o)
    0x0800037c   0x0800037c   0x00000052   Code   RO         3807    .text               c_p.l(_printf_str.o)
    0x080003ce   0x080003ce   0x00000002   PAD
    0x080003d0   0x080003d0   0x0000006c   Code   RO         3809    .text               c_p.l(_printf_dec.o)
    0x0800043c   0x0800043c   0x00000058   Code   RO         3814    .text               c_p.l(_printf_hex_int.o)
    0x08000494   0x08000494   0x00000014   Code   RO         3857    .text               c_p.l(strchr.o)
    0x080004a8   0x080004a8   0x00000028   Code   RO         3859    .text               c_p.l(strstr.o)
    0x080004d0   0x080004d0   0x00000016   Code   RO         3861    .text               c_p.l(strrchr.o)
    0x080004e6   0x080004e6   0x00000002   PAD
    0x080004e8   0x080004e8   0x00000044   Code   RO         3863    .text               c_p.l(strlen.o)
    0x0800052c   0x0800052c   0x00000040   Code   RO         3865    .text               c_p.l(rt_memclr.o)
    0x0800056c   0x0800056c   0x0000006c   Code   RO         3867    .text               c_p.l(strncpy.o)
    0x080005d8   0x080005d8   0x0000015a   Code   RO         3869    .text               c_p.l(aeabi_sdiv.o)
    0x08000732   0x08000732   0x00000006   Code   RO         3873    .text               c_p.l(heapauxi.o)
    0x08000738   0x08000738   0x0000007c   Code   RO         3877    .text               fz_ps.l(d2f.o)
    0x080007b4   0x080007b4   0x00000448   Code   RO         3881    .text               fz_ps.l(ddiv.o)
    0x08000bfc   0x08000bfc   0x00000058   Code   RO         3886    .text               fz_ps.l(dflti.o)
    0x08000c54   0x08000c54   0x00000248   Code   RO         3890    .text               fz_ps.l(dmul.o)
    0x08000e9c   0x08000e9c   0x00000060   Code   RO         3894    .text               fz_ps.l(dscalbn.o)
    0x08000efc   0x08000efc   0x00000054   Code   RO         3896    .text               fz_ps.l(f2d.o)
    0x08000f50   0x08000f50   0x000000b0   Code   RO         3913    .text               c_p.l(_printf_intcommon.o)
    0x08001000   0x08001000   0x00000418   Code   RO         3915    .text               c_p.l(_printf_fp_dec.o)
    0x08001418   0x08001418   0x00000030   Code   RO         3917    .text               c_p.l(_printf_char_common.o)
    0x08001448   0x08001448   0x0000000a   Code   RO         3919    .text               c_p.l(_sputc.o)
    0x08001452   0x08001452   0x0000002e   Code   RO         3921    .text               c_p.l(_printf_char.o)
    0x08001480   0x08001480   0x000000ac   Code   RO         3924    .text               c_p.l(strtod.o)
    0x0800152c   0x0800152c   0x00000028   Code   RO         3926    .text               c_p.l(rtudiv10.o)
    0x08001554   0x08001554   0x00000090   Code   RO         3928    .text               fz_ps.l(dcmpin.o)
    0x080015e4   0x080015e4   0x00000008   Code   RO         3951    .text               c_p.l(rt_locale_intlibspace.o)
    0x080015ec   0x080015ec   0x0000007a   Code   RO         3953    .text               c_p.l(lludiv10.o)
    0x08001666   0x08001666   0x00000012   Code   RO         3955    .text               c_p.l(isspace.o)
    0x08001678   0x08001678   0x00000088   Code   RO         3957    .text               c_p.l(_printf_fp_infnan.o)
    0x08001700   0x08001700   0x00000044   Code   RO         3961    .text               c_p.l(_sgetc.o)
    0x08001744   0x08001744   0x000000d8   Code   RO         3963    .text               c_p.l(bigflt0.o)
    0x0800181c   0x0800181c   0x00000580   Code   RO         3966    .text               c_p.l(btod.o)
    0x08001d9c   0x08001d9c   0x0000002e   Code   RO         3971    .text               fz_ps.l(cmpret.o)
    0x08001dca   0x08001dca   0x00000002   PAD
    0x08001dcc   0x08001dcc   0x00000014   Code   RO         3973    .text               fz_ps.l(dnan2.o)
    0x08001de0   0x08001de0   0x00000008   Code   RO         3981    .text               c_p.l(libspace.o)
    0x08001de8   0x08001de8   0x0000003e   Code   RO         3984    .text               c_p.l(sys_stackheap_outer.o)
    0x08001e26   0x08001e26   0x00000002   PAD
    0x08001e28   0x08001e28   0x00000010   Code   RO         3987    .text               c_p.l(rt_ctype_table.o)
    0x08001e38   0x08001e38   0x00000520   Code   RO         3989    .text               c_p.l(scanf_fp.o)
    0x08002358   0x08002358   0x00000010   Code   RO         3991    .text               c_p.l(exit.o)
    0x08002368   0x08002368   0x00000088   Code   RO         3997    .text               c_p.l(strcmp.o)
    0x080023f0   0x080023f0   0x0000005e   Code   RO         4050    .text               fz_ps.l(retnan.o)
    0x0800244e   0x0800244e   0x00000002   PAD
    0x08002450   0x08002450   0x00000008   Code   RO         4060    .text               c_p.l(rt_errno_addr_intlibspace.o)
    0x08002458   0x08002458   0x00000030   Code   RO         4062    .text               c_p.l(llmul.o)
    0x08002488   0x08002488   0x0000000c   Code   RO         4091    .text               c_p.l(sys_exit.o)
    0x08002494   0x08002494   0x00000016   Code   RO         4100    .text               c_p.l(_rserrno.o)
    0x080024aa   0x080024aa   0x00000002   PAD
    0x080024ac   0x080024ac   0x00000334   Code   RO         4102    .text               c_p.l(scanf_hexfp.o)
    0x080027e0   0x080027e0   0x0000013c   Code   RO         4104    .text               c_p.l(scanf_infnan.o)
    0x0800291c   0x0800291c   0x00000002   Code   RO         4124    .text               c_p.l(use_no_semi.o)
    0x0800291e   0x0800291e   0x00000000   Code   RO         4126    .text               c_p.l(indicate_semi.o)
    0x0800291e   0x0800291e   0x00000020   Code   RO         4129    .text               c_p.l(llshl.o)
    0x0800293e   0x0800293e   0x0000001e   Code   RO         4131    .text               c_p.l(_chval.o)
    0x0800295c   0x0800295c   0x00000024   Code   RO          709    i.ADC_DelayMicroSecond  stm32l0xx_hal_adc.o
    0x08002980   0x08002980   0x00000064   Code   RO          711    i.ADC_Enable        stm32l0xx_hal_adc.o
    0x080029e4   0x080029e4   0x00000028   Code   RO          225    i.BEEP_On           gpio.o
    0x08002a0c   0x08002a0c   0x0000000a   Code   RO          591    i.EXTI0_1_IRQHandler  stm32l0xx_it.o
    0x08002a16   0x08002a16   0x0000000a   Code   RO          592    i.EXTI4_15_IRQHandler  stm32l0xx_it.o
    0x08002a20   0x08002a20   0x00000004   Code   RO           12    i.Error_Handler     main.o
    0x08002a24   0x08002a24   0x00000018   Code   RO          227    i.Get_Mode_State    gpio.o
    0x08002a3c   0x08002a3c   0x00000018   Code   RO          228    i.Get_Water_State   gpio.o
    0x08002a54   0x08002a54   0x00000094   Code   RO          713    i.HAL_ADC_ConfigChannel  stm32l0xx_hal_adc.o
    0x08002ae8   0x08002ae8   0x00000006   Code   RO          720    i.HAL_ADC_GetValue  stm32l0xx_hal_adc.o
    0x08002aee   0x08002aee   0x00000002   PAD
    0x08002af0   0x08002af0   0x000001c8   Code   RO          722    i.HAL_ADC_Init      stm32l0xx_hal_adc.o
    0x08002cb8   0x08002cb8   0x00000054   Code   RO          292    i.HAL_ADC_MspInit   adc.o
    0x08002d0c   0x08002d0c   0x0000005c   Code   RO          728    i.HAL_ADC_Start     stm32l0xx_hal_adc.o
    0x08002d68   0x08002d68   0x00000024   Code   RO          951    i.HAL_Delay         stm32l0xx_hal.o
    0x08002d8c   0x08002d8c   0x00000238   Code   RO          593    i.HAL_GPIO_EXTI_Callback  stm32l0xx_it.o
    0x08002fc4   0x08002fc4   0x00000018   Code   RO         2069    i.HAL_GPIO_EXTI_IRQHandler  stm32l0xx_hal_gpio.o
    0x08002fdc   0x08002fdc   0x00000178   Code   RO         2070    i.HAL_GPIO_Init     stm32l0xx_hal_gpio.o
    0x08003154   0x08003154   0x0000000a   Code   RO         2072    i.HAL_GPIO_ReadPin  stm32l0xx_hal_gpio.o
    0x0800315e   0x0800315e   0x0000000c   Code   RO         2074    i.HAL_GPIO_WritePin  stm32l0xx_hal_gpio.o
    0x0800316a   0x0800316a   0x00000002   PAD
    0x0800316c   0x0800316c   0x0000000c   Code   RO          955    i.HAL_GetTick       stm32l0xx_hal.o
    0x08003178   0x08003178   0x0000004a   Code   RO         1606    i.HAL_I2CEx_ConfigAnalogFilter  stm32l0xx_hal_i2c_ex.o
    0x080031c2   0x080031c2   0x00000048   Code   RO         1607    i.HAL_I2CEx_ConfigDigitalFilter  stm32l0xx_hal_i2c_ex.o
    0x0800320a   0x0800320a   0x00000002   PAD
    0x0800320c   0x0800320c   0x000000b4   Code   RO         1159    i.HAL_I2C_Init      stm32l0xx_hal_i2c.o
    0x080032c0   0x080032c0   0x00000120   Code   RO         1160    i.HAL_I2C_IsDeviceReady  stm32l0xx_hal_i2c.o
    0x080033e0   0x080033e0   0x00000154   Code   RO         1177    i.HAL_I2C_Mem_Read  stm32l0xx_hal_i2c.o
    0x08003534   0x08003534   0x0000014c   Code   RO         1180    i.HAL_I2C_Mem_Write  stm32l0xx_hal_i2c.o
    0x08003680   0x08003680   0x00000060   Code   RO          336    i.HAL_I2C_MspInit   i2c.o
    0x080036e0   0x080036e0   0x00000020   Code   RO           13    i.HAL_IncTick       main.o
    0x08003700   0x08003700   0x00000028   Code   RO          962    i.HAL_Init          stm32l0xx_hal.o
    0x08003728   0x08003728   0x00000044   Code   RO          963    i.HAL_InitTick      stm32l0xx_hal.o
    0x0800376c   0x0800376c   0x00000018   Code   RO          685    i.HAL_MspInit       stm32l0xx_hal_msp.o
    0x08003784   0x08003784   0x00000018   Code   RO         2399    i.HAL_NVIC_EnableIRQ  stm32l0xx_hal_cortex.o
    0x0800379c   0x0800379c   0x00000008   Code   RO         2403    i.HAL_NVIC_SetPriority  stm32l0xx_hal_cortex.o
    0x080037a4   0x080037a4   0x00000164   Code   RO         1757    i.HAL_RCCEx_PeriphCLKConfig  stm32l0xx_hal_rcc_ex.o
    0x08003908   0x08003908   0x0000019c   Code   RO         1657    i.HAL_RCC_ClockConfig  stm32l0xx_hal_rcc.o
    0x08003aa4   0x08003aa4   0x00000020   Code   RO         1663    i.HAL_RCC_GetPCLK1Freq  stm32l0xx_hal_rcc.o
    0x08003ac4   0x08003ac4   0x00000020   Code   RO         1664    i.HAL_RCC_GetPCLK2Freq  stm32l0xx_hal_rcc.o
    0x08003ae4   0x08003ae4   0x00000078   Code   RO         1665    i.HAL_RCC_GetSysClockFreq  stm32l0xx_hal_rcc.o
    0x08003b5c   0x08003b5c   0x00000426   Code   RO         1668    i.HAL_RCC_OscConfig  stm32l0xx_hal_rcc.o
    0x08003f82   0x08003f82   0x00000002   PAD
    0x08003f84   0x08003f84   0x00000030   Code   RO         2407    i.HAL_SYSTICK_Config  stm32l0xx_hal_cortex.o
    0x08003fb4   0x08003fb4   0x00000058   Code   RO         3739    i.HAL_TIMEx_MasterConfigSynchronization  stm32l0xx_hal_tim_ex.o
    0x0800400c   0x0800400c   0x0000003e   Code   RO         3044    i.HAL_TIM_Base_Init  stm32l0xx_hal_tim.o
    0x0800404a   0x0800404a   0x00000002   PAD
    0x0800404c   0x0800404c   0x0000004c   Code   RO          548    i.HAL_TIM_Base_MspInit  tim.o
    0x08004098   0x08004098   0x0000004c   Code   RO         3049    i.HAL_TIM_Base_Start_IT  stm32l0xx_hal_tim.o
    0x080040e4   0x080040e4   0x00000020   Code   RO         3050    i.HAL_TIM_Base_Stop  stm32l0xx_hal_tim.o
    0x08004104   0x08004104   0x0000002c   Code   RO         3052    i.HAL_TIM_Base_Stop_IT  stm32l0xx_hal_tim.o
    0x08004130   0x08004130   0x000000d0   Code   RO         3053    i.HAL_TIM_ConfigClockSource  stm32l0xx_hal_tim.o
    0x08004200   0x08004200   0x00000002   Code   RO         3078    i.HAL_TIM_IC_CaptureCallback  stm32l0xx_hal_tim.o
    0x08004202   0x08004202   0x00000126   Code   RO         3092    i.HAL_TIM_IRQHandler  stm32l0xx_hal_tim.o
    0x08004328   0x08004328   0x00000002   Code   RO         3095    i.HAL_TIM_OC_DelayElapsedCallback  stm32l0xx_hal_tim.o
    0x0800432a   0x0800432a   0x00000002   Code   RO         3122    i.HAL_TIM_PWM_PulseFinishedCallback  stm32l0xx_hal_tim.o
    0x0800432c   0x0800432c   0x000001e4   Code   RO          594    i.HAL_TIM_PeriodElapsedCallback  stm32l0xx_it.o
    0x08004510   0x08004510   0x00000002   Code   RO         3135    i.HAL_TIM_TriggerCallback  stm32l0xx_hal_tim.o
    0x08004512   0x08004512   0x0000006a   Code   RO         2603    i.HAL_UART_Init     stm32l0xx_hal_uart.o
    0x0800457c   0x0800457c   0x000000b0   Code   RO          407    i.HAL_UART_MspInit  usart.o
    0x0800462c   0x0800462c   0x00000110   Code   RO         2606    i.HAL_UART_Receive  stm32l0xx_hal_uart.o
    0x0800473c   0x0800473c   0x000000d2   Code   RO         2612    i.HAL_UART_Transmit  stm32l0xx_hal_uart.o
    0x0800480e   0x0800480e   0x00000002   Code   RO          596    i.HardFault_Handler  stm32l0xx_it.o
    0x08004810   0x08004810   0x00000022   Code   RO         1206    i.I2C_Flush_TXDR    stm32l0xx_hal_i2c.o
    0x08004832   0x08004832   0x00000002   PAD
    0x08004834   0x08004834   0x00000070   Code   RO         1214    i.I2C_IsAcknowledgeFailed  stm32l0xx_hal_i2c.o
    0x080048a4   0x080048a4   0x00000060   Code   RO         1217    i.I2C_RequestMemoryRead  stm32l0xx_hal_i2c.o
    0x08004904   0x08004904   0x00000060   Code   RO         1218    i.I2C_RequestMemoryWrite  stm32l0xx_hal_i2c.o
    0x08004964   0x08004964   0x00000028   Code   RO         1221    i.I2C_TransferConfig  stm32l0xx_hal_i2c.o
    0x0800498c   0x0800498c   0x0000004e   Code   RO         1223    i.I2C_WaitOnFlagUntilTimeout  stm32l0xx_hal_i2c.o
    0x080049da   0x080049da   0x0000004c   Code   RO         1225    i.I2C_WaitOnSTOPFlagUntilTimeout  stm32l0xx_hal_i2c.o
    0x08004a26   0x08004a26   0x00000050   Code   RO         1226    i.I2C_WaitOnTXISFlagUntilTimeout  stm32l0xx_hal_i2c.o
    0x08004a76   0x08004a76   0x00000002   PAD
    0x08004a78   0x08004a78   0x00000070   Code   RO          293    i.MX_ADC_Init       adc.o
    0x08004ae8   0x08004ae8   0x000000f8   Code   RO          229    i.MX_GPIO_Init      gpio.o
    0x08004be0   0x08004be0   0x00000058   Code   RO          337    i.MX_I2C1_Init      i2c.o
    0x08004c38   0x08004c38   0x00000038   Code   RO          408    i.MX_LPUART1_UART_Init  usart.o
    0x08004c70   0x08004c70   0x00000070   Code   RO          549    i.MX_TIM2_Init      tim.o
    0x08004ce0   0x08004ce0   0x0000004c   Code   RO          550    i.MX_TIM6_Init      tim.o
    0x08004d2c   0x08004d2c   0x00000038   Code   RO          409    i.MX_USART1_UART_Init  usart.o
    0x08004d64   0x08004d64   0x00000038   Code   RO          410    i.MX_USART2_UART_Init  usart.o
    0x08004d9c   0x08004d9c   0x00000002   Code   RO          597    i.NMI_Handler       stm32l0xx_it.o
    0x08004d9e   0x08004d9e   0x00000002   Code   RO          598    i.PendSV_Handler    stm32l0xx_it.o
    0x08004da0   0x08004da0   0x00000002   Code   RO          599    i.SVC_Handler       stm32l0xx_it.o
    0x08004da2   0x08004da2   0x00000008   Code   RO          600    i.SysTick_Handler   stm32l0xx_it.o
    0x08004daa   0x08004daa   0x00000002   PAD
    0x08004dac   0x08004dac   0x00000094   Code   RO           14    i.SystemClock_Config  main.o
    0x08004e40   0x08004e40   0x00000002   Code   RO         3766    i.SystemInit        system_stm32l0xx.o
    0x08004e42   0x08004e42   0x00000002   PAD
    0x08004e44   0x08004e44   0x00000010   Code   RO          601    i.TIM2_IRQHandler   stm32l0xx_it.o
    0x08004e54   0x08004e54   0x00000010   Code   RO          602    i.TIM6_IRQHandler   stm32l0xx_it.o
    0x08004e64   0x08004e64   0x00000058   Code   RO         3137    i.TIM_Base_SetConfig  stm32l0xx_hal_tim.o
    0x08004ebc   0x08004ebc   0x00000016   Code   RO         3148    i.TIM_ETR_SetConfig  stm32l0xx_hal_tim.o
    0x08004ed2   0x08004ed2   0x00000010   Code   RO         3149    i.TIM_ITRx_SetConfig  stm32l0xx_hal_tim.o
    0x08004ee2   0x08004ee2   0x00000022   Code   RO         3155    i.TIM_TI1_ConfigInputStage  stm32l0xx_hal_tim.o
    0x08004f04   0x08004f04   0x00000026   Code   RO         3157    i.TIM_TI2_ConfigInputStage  stm32l0xx_hal_tim.o
    0x08004f2a   0x08004f2a   0x000000ca   Code   RO         2617    i.UART_AdvFeatureConfig  stm32l0xx_hal_uart.o
    0x08004ff4   0x08004ff4   0x00000064   Code   RO         2618    i.UART_CheckIdleState  stm32l0xx_hal_uart.o
    0x08005058   0x08005058   0x00000200   Code   RO         2633    i.UART_SetConfig    stm32l0xx_hal_uart.o
    0x08005258   0x08005258   0x0000009e   Code   RO         2638    i.UART_WaitOnFlagUntilTimeout  stm32l0xx_hal_uart.o
    0x080052f6   0x080052f6   0x00000030   Code   RO         1742    i.__ARM_common_ll_muluu  stm32l0xx_hal_rcc.o
    0x08005326   0x08005326   0x0000001a   Code   RO         2215    i.__ARM_common_switch8  stm32l0xx_hal_dma.o
    0x08005340   0x08005340   0x0000002c   Code   RO         3979    i.__ARM_fpclassify  m_ps.l(fpclassify.o)
    0x0800536c   0x0800536c   0x00000044   Code   RO         2409    i.__NVIC_SetPriority  stm32l0xx_hal_cortex.o
    0x080053b0   0x080053b0   0x00000014   Code   RO         4190    i.__mathlib_dbl_overflow  m_ps.l(dunder.o)
    0x080053c4   0x080053c4   0x00000014   Code   RO         4192    i.__mathlib_dbl_underflow  m_ps.l(dunder.o)
    0x080053d8   0x080053d8   0x00000010   Code   RO         4085    i.__mathlib_narrow  m_ps.l(narrow.o)
    0x080053e8   0x080053e8   0x000000c8   Code   RO         4086    i.__mathlib_tofloat  m_ps.l(narrow.o)
    0x080054b0   0x080054b0   0x00000014   Code   RO         4143    i.__support_ldexp   m_ps.l(ldexp.o)
    0x080054c4   0x080054c4   0x0000000e   Code   RO         3842    i._is_digit         c_p.l(__printf_wp.o)
    0x080054d2   0x080054d2   0x00000002   PAD
    0x080054d4   0x080054d4   0x00000064   Code   RO          411    i.ble_mode_init     usart.o
    0x08005538   0x08005538   0x000000d0   Code   RO           15    i.check_error       main.o
    0x08005608   0x08005608   0x00000084   Code   RO          414    i.connect_tcp_server  usart.o
    0x0800568c   0x0800568c   0x00000028   Code   RO          415    i.connet_remote_ble  usart.o
    0x080056b4   0x080056b4   0x00000058   Code   RO         4117    i.frexp             m_ps.l(frexp.o)
    0x0800570c   0x0800570c   0x00000074   Code   RO          294    i.get_voleage       adc.o
    0x08005780   0x08005780   0x00000070   Code   RO         4144    i.ldexp             m_ps.l(ldexp.o)
    0x080057f0   0x080057f0   0x00000062   Code   RO          338    i.lis3dh_get_xyz    i2c.o
    0x08005852   0x08005852   0x00000058   Code   RO          339    i.lis3dh_init       i2c.o
    0x080058aa   0x080058aa   0x0000002a   Code   RO          340    i.lis3dh_read       i2c.o
    0x080058d4   0x080058d4   0x00000020   Code   RO          341    i.lis3dh_write      i2c.o
    0x080058f4   0x080058f4   0x000000ac   Code   RO           16    i.main              main.o
    0x080059a0   0x080059a0   0x00000130   Code   RO          417    i.nb_module_init    usart.o
    0x08005ad0   0x08005ad0   0x00000030   Code   RO          418    i.parseImei         usart.o
    0x08005b00   0x08005b00   0x00000038   Code   RO          419    i.print_u1          usart.o
    0x08005b38   0x08005b38   0x000000c8   Code   RO           17    i.process_remote_ble_recv  main.o
    0x08005c00   0x08005c00   0x00000064   Code   RO          420    i.send_msg_ble      usart.o
    0x08005c64   0x08005c64   0x0000007c   Code   RO          422    i.send_msg_nbtcp_server  usart.o
    0x08005ce0   0x08005ce0   0x00000040   Code   RO          423    i.send_remote_ble   usart.o
    0x08005d20   0x08005d20   0x0000002c   Code   RO          424    i.send_user_ble     usart.o
    0x08005d4c   0x08005d4c   0x0000001a   Code   RO          230    i.set_reset_brts    gpio.o
    0x08005d66   0x08005d66   0x00000002   PAD
    0x08005d68   0x08005d68   0x0000001c   Code   RO          231    i.set_reset_net_module  gpio.o
    0x08005d84   0x08005d84   0x0000001c   Code   RO          232    i.set_reset_net_psm  gpio.o
    0x08005da0   0x08005da0   0x0000001c   Code   RO         3901    i.strtod            m_ps.l(strtod.o)
    0x08005dbc   0x08005dbc   0x0000002c   Code   RO         3969    locale$$code        c_p.l(lc_numeric_c.o)
    0x08005de8   0x08005de8   0x0000002c   Code   RO         4065    locale$$code        c_p.l(lc_ctype_c.o)
    0x08005e14   0x08005e14   0x00000064   Code   RO         4114    x$fpl$deqf          fz_ps.l(deqf.o)
    0x08005e78   0x08005e78   0x00000064   Code   RO         3888    x$fpl$dleqf         fz_ps.l(dlef.o)
    0x08005edc   0x08005edc   0x00000068   Code   RO         3892    x$fpl$drleqf        fz_ps.l(drlef.o)
    0x08005f44   0x08005f44   0x00000010   Code   RO         3898    x$fpl$printf1       fz_ps.l(printf1.o)
    0x08005f54   0x08005f54   0x00000010   Code   RO         3977    x$fpl$scanf1        fz_ps.l(scanf1.o)
    0x08005f64   0x08005f64   0x00000020   Code   RO         4079    x$fpl$scanf2        fz_ps.l(scanf2.o)
    0x08005f84   0x08005f84   0x00000000   Code   RO         3930    x$fpl$usenofp       fz_ps.l(usenofp.o)
    0x08005f84   0x08005f84   0x00000019   Data   RO         3767    .constdata          system_stm32l0xx.o
    0x08005f9d   0x08005f9d   0x00000008   Data   RO         3768    .constdata          system_stm32l0xx.o
    0x08005fa5   0x08005fa5   0x00000028   Data   RO         3815    .constdata          c_p.l(_printf_hex_int.o)
    0x08005fcd   0x08005fcd   0x00000080   Data   RO         3882    .constdata          fz_ps.l(ddiv.o)
    0x0800604d   0x0800604d   0x00000003   PAD
    0x08006050   0x08006050   0x00000094   Data   RO         3964    .constdata          c_p.l(bigflt0.o)
    0x080060e4   0x080060e4   0x000000ea   Data   RO          603    .conststring        stm32l0xx_it.o
    0x080061ce   0x080061ce   0x00000002   PAD
    0x080061d0   0x080061d0   0x00000020   Data   RO         4201    Region$$Table       anon$$obj.o
    0x080061f0   0x080061f0   0x00000008   Data   RO         4073    c$$dinf             fz_ps.l(fpconst.o)
    0x080061f8   0x080061f8   0x00000008   Data   RO         4076    c$$dmax             fz_ps.l(fpconst.o)
    0x08006200   0x08006200   0x0000001c   Data   RO         3968    locale$$data        c_p.l(lc_numeric_c.o)
    0x0800621c   0x0800621c   0x00000110   Data   RO         4064    locale$$data        c_p.l(lc_ctype_c.o)


    Execution Region RW_IRAM1 (Exec base: 0x20000000, Load base: 0x0800632c, Size: 0x00000a08, Max: 0x00002000, ABSOLUTE)

    Exec Addr    Load Addr    Size         Type   Attr      Idx    E Section Name        Object

    0x20000000   0x0800632c   0x00000001   Data   RW           29    .data               main.o
    0x20000001   0x0800632d   0x00000001   Data   RW           33    .data               main.o
    0x20000002   0x0800632e   0x00000002   PAD
    0x20000004   0x08006330   0x00000010   Data   RW           34    .data               main.o
    0x20000014   0x08006340   0x00000004   Data   RW           38    .data               main.o
    0x20000018   0x08006344   0x00000006   Data   RW          345    .data               i2c.o
    0x2000001e   0x0800634a   0x00000056   Data   RW          426    .data               usart.o
    0x20000074   0x080063a0   0x00000014   Data   RW          604    .data               stm32l0xx_it.o
    0x20000088   0x080063b4   0x0000000c   Data   RW          973    .data               stm32l0xx_hal.o
    0x20000094   0x080063c0   0x00000004   Data   RW         3769    .data               system_stm32l0xx.o
    0x20000098        -       0x0000000a   Zero   RW           24    .bss                main.o
    0x200000a2   0x080063c4   0x00000002   PAD
    0x200000a4        -       0x0000005c   Zero   RW          295    .bss                adc.o
    0x20000100        -       0x00000020   Zero   RW          343    .bss                i2c.o
    0x20000120        -       0x0000004c   Zero   RW          344    .bss                i2c.o
    0x2000016c   0x080063c4   0x00000004   PAD
    0x20000170        -       0x000001b4   Zero   RW          425    .bss                usart.o
    0x20000324        -       0x00000080   Zero   RW          551    .bss                tim.o
    0x200003a4        -       0x00000060   Zero   RW         3982    .bss                c_p.l(libspace.o)
    0x20000404   0x080063c4   0x00000004   PAD
    0x20000408        -       0x00000200   Zero   RW            2    HEAP                startup_stm32l051xx.o
    0x20000608        -       0x00000400   Zero   RW            1    STACK               startup_stm32l051xx.o


==============================================================================

Image component sizes


      Code (inc. data)   RO Data    RW Data    ZI Data      Debug   Object Name

       312         42          0          0         92       2181   adc.o
       418         48          0          0          0       3724   gpio.o
       444         26          0          6        108       6059   i2c.o
       764        186          0         22         10     340144   main.o
        56         26        192          0       1536        628   startup_stm32l051xx.o
       156         24          0         12          0       8063   stm32l0xx_hal.o
       838         36          0          0          0       4854   stm32l0xx_hal_adc.o
       148         24          0          0          0      12045   stm32l0xx_hal_cortex.o
        26          0          0          0          0         72   stm32l0xx_hal_dma.o
       422         36          0          0          0       3434   stm32l0xx_hal_gpio.o
      1752         42          0          0          0      12486   stm32l0xx_hal_i2c.o
       146          0          0          0          0       1867   stm32l0xx_hal_i2c_ex.o
        24          4          0          0          0        418   stm32l0xx_hal_msp.o
      1706         90          0          0          0       5616   stm32l0xx_hal_rcc.o
       356         14          0          0          0       1412   stm32l0xx_hal_rcc_ex.o
       922         28          0          0          0      10185   stm32l0xx_hal_tim.o
        88         10          0          0          0       1188   stm32l0xx_hal_tim_ex.o
      1560         68          0          0          0       7724   stm32l0xx_hal_uart.o
      1120        224        234         20          0       6993   stm32l0xx_it.o
         2          0         33          4          0       1115   system_stm32l0xx.o
       264         38          0          0        128       2071   tim.o
      1356        412          0         86        436       9223   usart.o

    ----------------------------------------------------------------------
     12900       1378        493        152       2316     441502   Object Totals
         0          0         32          0          0          0   (incl. Generated)
        20          0          2          2          6          0   (incl. Padding)

    ----------------------------------------------------------------------

      Code (inc. data)   RO Data    RW Data    ZI Data      Debug   Library Member Name

         8          0          0          0          0         68   __main.o
       108          0          0          0          0         76   __printf.o
        14          0          0          0          0         60   __printf_wp.o
         0          0          0          0          0          0   __rtentry.o
        12          0          0          0          0          0   __rtentry2.o
         6          0          0          0          0          0   __rtentry4.o
        60          8          0          0          0          0   __scatter.o
        26          0          0          0          0          0   __scatter_copy.o
        28          0          0          0          0          0   __scatter_zi.o
        30          0          0          0          0         60   _chval.o
        46          0          0          0          0        100   _printf_char.o
        48          6          0          0          0         88   _printf_char_common.o
        10          0          0          0          0          0   _printf_d.o
       108         18          0          0          0         76   _printf_dec.o
        10          0          0          0          0          0   _printf_f.o
      1048         14          0          0          0        176   _printf_fp_dec.o
       136         16          0          0          0         76   _printf_fp_infnan.o
        88          4         40          0          0         72   _printf_hex_int.o
       176          0          0          0          0         84   _printf_intcommon.o
         2          0          0          0          0          0   _printf_percent.o
         4          0          0          0          0          0   _printf_percent_end.o
        10          0          0          0          0          0   _printf_s.o
        82          0          0          0          0         72   _printf_str.o
        10          0          0          0          0          0   _printf_x.o
        22          0          0          0          0         92   _rserrno.o
        68          0          0          0          0         76   _sgetc.o
        10          0          0          0          0         60   _sputc.o
       346          0          0          0          0         92   aeabi_sdiv.o
       216          6        148          0          0         80   bigflt0.o
      1408         30          0          0          0        260   btod.o
        16          0          0          0          0         68   exit.o
         6          0          0          0          0        136   heapauxi.o
         0          0          0          0          0          0   indicate_semi.o
        18          0          0          0          0         68   isspace.o
        44         10        272          0          0         76   lc_ctype_c.o
        44         10         28          0          0         76   lc_numeric_c.o
         2          0          0          0          0          0   libinit.o
        30          0          0          0          0          0   libinit2.o
         2          0          0          0          0          0   libshutdown.o
         2          0          0          0          0          0   libshutdown2.o
         8          4          0          0         96         68   libspace.o
        48          0          0          0          0         72   llmul.o
        32          0          0          0          0         68   llshl.o
       258          0          0          0          0         88   lludiv.o
       122          0          0          0          0         72   lludiv10.o
        40          4          0          0          0         84   noretval__2sprintf.o
        16          4          0          0          0         76   rt_ctype_table.o
         8          4          0          0          0         68   rt_errno_addr_intlibspace.o
         8          4          0          0          0         68   rt_locale_intlibspace.o
        64          0          0          0          0        108   rt_memclr.o
         2          0          0          0          0          0   rtexit.o
        10          0          0          0          0          0   rtexit2.o
        40          0          0          0          0         60   rtudiv10.o
      1312         24          0          0          0        124   scanf_fp.o
       820         14          0          0          0         84   scanf_hexfp.o
       316         16          0          0          0         84   scanf_infnan.o
        20          0          0          0          0         60   strchr.o
       136          4          0          0          0         72   strcmp.o
        68          6          0          0          0         72   strlen.o
       108          4          0          0          0         76   strncpy.o
        22          0          0          0          0         60   strrchr.o
        40          0          0          0          0         72   strstr.o
       172         18          0          0          0        120   strtod.o
        12          4          0          0          0         60   sys_exit.o
        62          0          0          0          0         80   sys_stackheap_outer.o
         2          0          0          0          0         68   use_no_semi.o
        46          0          0          0          0         60   cmpret.o
       124          4          0          0          0         72   d2f.o
       144          4          0          0          0         76   dcmpin.o
      1096         26        128          0          0        112   ddiv.o
       100          4          0          0          0         92   deqf.o
        88          0          0          0          0         92   dflti.o
       100          4          0          0          0         92   dlef.o
       584         26          0          0          0         84   dmul.o
        20          6          0          0          0         68   dnan2.o
       104          4          0          0          0        104   drlef.o
        96         12          0          0          0         72   dscalbn.o
        84          4          0          0          0         60   f2d.o
         0          0         16          0          0          0   fpconst.o
        16          4          0          0          0         76   printf1.o
        94          0          0          0          0         68   retnan.o
        16          4          0          0          0         76   scanf1.o
        32          8          0          0          0        100   scanf2.o
         0          0          0          0          0          0   usenofp.o
        40         10          0          0          0        136   dunder.o
        44          4          0          0          0         60   fpclassify.o
        88         16          0          0          0         72   frexp.o
       132          0          0          0          0        140   ldexp.o
       216         10          0          0          0        144   narrow.o
        28          0          0          0          0         72   strtod.o

    ----------------------------------------------------------------------
     11360        382        635          0        100       5884   Library Totals
        18          0          3          0          4          0   (incl. Padding)

    ----------------------------------------------------------------------

      Code (inc. data)   RO Data    RW Data    ZI Data      Debug   Library Name

      8050        232        488          0         96       3956   c_p.l
      2744        110        144          0          0       1304   fz_ps.l
       548         40          0          0          0        624   m_ps.l

    ----------------------------------------------------------------------
     11360        382        635          0        100       5884   Library Totals

    ----------------------------------------------------------------------

==============================================================================


      Code (inc. data)   RO Data    RW Data    ZI Data      Debug   

     24260       1760       1128        152       2416     439410   Grand Totals
     24260       1760       1128        152       2416     439410   ELF Image Totals
     24260       1760       1128        152          0          0   ROM Totals

==============================================================================

    Total RO  Size (Code + RO Data)                25388 (  24.79kB)
    Total RW  Size (RW Data + ZI Data)              2568 (   2.51kB)
    Total ROM Size (Code + RO Data + RW Data)      25540 (  24.94kB)

==============================================================================

